Archive member included to satisfy reference by file (symbol)

C:/Program Files (x86)/Arm/GNU Toolchain mingw-w64-x86_64-arm-none-eabi/bin/../lib/gcc/arm-none-eabi/15.2.1/thumb/v6-m/nofp\libgcc.a(_dvmd_tls.o)
                              CMakeFiles/pico_mqtt.dir/C_/pico/pico-sdk/src/rp2_common/pico_divider/divider_hardware.S.obj (__aeabi_idiv0)
C:/Program Files (x86)/Arm/GNU Toolchain mingw-w64-x86_64-arm-none-eabi/bin/../lib/gcc/arm-none-eabi/15.2.1/../../../../arm-none-eabi/lib/thumb/v6-m/nofp\libg.a(libc_a-atoi.o)
                              CMakeFiles/pico_mqtt.dir/src/main.c.obj (atoi)
C:/Program Files (x86)/Arm/GNU Toolchain mingw-w64-x86_64-arm-none-eabi/bin/../lib/gcc/arm-none-eabi/15.2.1/../../../../arm-none-eabi/lib/thumb/v6-m/nofp\libg.a(libc_a-calloc.o)
                              CMakeFiles/pico_mqtt.dir/C_/pico/pico-sdk/src/rp2_common/pico_malloc/malloc.c.obj (calloc)
C:/Program Files (x86)/Arm/GNU Toolchain mingw-w64-x86_64-arm-none-eabi/bin/../lib/gcc/arm-none-eabi/15.2.1/../../../../arm-none-eabi/lib/thumb/v6-m/nofp\libg.a(libc_a-callocr.o)
                              C:/Program Files (x86)/Arm/GNU Toolchain mingw-w64-x86_64-arm-none-eabi/bin/../lib/gcc/arm-none-eabi/15.2.1/../../../../arm-none-eabi/lib/thumb/v6-m/nofp\libg.a(libc_a-calloc.o) (_calloc_r)
C:/Program Files (x86)/Arm/GNU Toolchain mingw-w64-x86_64-arm-none-eabi/bin/../lib/gcc/arm-none-eabi/15.2.1/../../../../arm-none-eabi/lib/thumb/v6-m/nofp\libg.a(libc_a-malloc.o)
                              CMakeFiles/pico_mqtt.dir/C_/pico/pico-sdk/src/rp2_common/pico_malloc/malloc.c.obj (malloc)
C:/Program Files (x86)/Arm/GNU Toolchain mingw-w64-x86_64-arm-none-eabi/bin/../lib/gcc/arm-none-eabi/15.2.1/../../../../arm-none-eabi/lib/thumb/v6-m/nofp\libg.a(libc_a-mallocr.o)
                              C:/Program Files (x86)/Arm/GNU Toolchain mingw-w64-x86_64-arm-none-eabi/bin/../lib/gcc/arm-none-eabi/15.2.1/../../../../arm-none-eabi/lib/thumb/v6-m/nofp\libg.a(libc_a-callocr.o) (_malloc_r)
C:/Program Files (x86)/Arm/GNU Toolchain mingw-w64-x86_64-arm-none-eabi/bin/../lib/gcc/arm-none-eabi/15.2.1/../../../../arm-none-eabi/lib/thumb/v6-m/nofp\libg.a(libc_a-mlock.o)
                              C:/Program Files (x86)/Arm/GNU Toolchain mingw-w64-x86_64-arm-none-eabi/bin/../lib/gcc/arm-none-eabi/15.2.1/../../../../arm-none-eabi/lib/thumb/v6-m/nofp\libg.a(libc_a-mallocr.o) (__malloc_lock)
C:/Program Files (x86)/Arm/GNU Toolchain mingw-w64-x86_64-arm-none-eabi/bin/../lib/gcc/arm-none-eabi/15.2.1/../../../../arm-none-eabi/lib/thumb/v6-m/nofp\libg.a(libc_a-realloc.o)
                              CMakeFiles/pico_mqtt.dir/C_/pico/pico-sdk/src/rp2_common/pico_malloc/malloc.c.obj (realloc)
C:/Program Files (x86)/Arm/GNU Toolchain mingw-w64-x86_64-arm-none-eabi/bin/../lib/gcc/arm-none-eabi/15.2.1/../../../../arm-none-eabi/lib/thumb/v6-m/nofp\libg.a(libc_a-reallocr.o)
                              C:/Program Files (x86)/Arm/GNU Toolchain mingw-w64-x86_64-arm-none-eabi/bin/../lib/gcc/arm-none-eabi/15.2.1/../../../../arm-none-eabi/lib/thumb/v6-m/nofp\libg.a(libc_a-realloc.o) (_realloc_r)
C:/Program Files (x86)/Arm/GNU Toolchain mingw-w64-x86_64-arm-none-eabi/bin/../lib/gcc/arm-none-eabi/15.2.1/../../../../arm-none-eabi/lib/thumb/v6-m/nofp\libg.a(libc_a-strtol.o)
                              C:/Program Files (x86)/Arm/GNU Toolchain mingw-w64-x86_64-arm-none-eabi/bin/../lib/gcc/arm-none-eabi/15.2.1/../../../../arm-none-eabi/lib/thumb/v6-m/nofp\libg.a(libc_a-atoi.o) (_strtol_r)
C:/Program Files (x86)/Arm/GNU Toolchain mingw-w64-x86_64-arm-none-eabi/bin/../lib/gcc/arm-none-eabi/15.2.1/../../../../arm-none-eabi/lib/thumb/v6-m/nofp\libg.a(libc_a-ctype_.o)
                              CMakeFiles/pico_mqtt.dir/src/main.c.obj (_ctype_)
C:/Program Files (x86)/Arm/GNU Toolchain mingw-w64-x86_64-arm-none-eabi/bin/../lib/gcc/arm-none-eabi/15.2.1/../../../../arm-none-eabi/lib/thumb/v6-m/nofp\libg.a(libc_a-memcmp.o)
                              CMakeFiles/pico_mqtt.dir/C_/pico/pico-sdk/src/rp2_common/pico_atomic/atomic.c.obj (memcmp)
C:/Program Files (x86)/Arm/GNU Toolchain mingw-w64-x86_64-arm-none-eabi/bin/../lib/gcc/arm-none-eabi/15.2.1/../../../../arm-none-eabi/lib/thumb/v6-m/nofp\libg.a(libc_a-memmove.o)
                              CMakeFiles/pico_mqtt.dir/C_/pico/pico-sdk/lib/lwip/src/core/def.c.obj (memmove)
C:/Program Files (x86)/Arm/GNU Toolchain mingw-w64-x86_64-arm-none-eabi/bin/../lib/gcc/arm-none-eabi/15.2.1/../../../../arm-none-eabi/lib/thumb/v6-m/nofp\libg.a(libc_a-strncmp.o)
                              CMakeFiles/pico_mqtt.dir/C_/pico/pico-sdk/lib/lwip/src/core/def.c.obj (strncmp)
C:/Program Files (x86)/Arm/GNU Toolchain mingw-w64-x86_64-arm-none-eabi/bin/../lib/gcc/arm-none-eabi/15.2.1/../../../../arm-none-eabi/lib/thumb/v6-m/nofp\libg.a(libc_a-lcltime_r.o)
                              CMakeFiles/pico_mqtt.dir/C_/pico/pico-sdk/src/common/pico_util/datetime.c.obj (localtime_r)
[...]
Memory Configuration

Name             Origin             Length             Attributes
FLASH            0x10000000         0x00200000         xr
RAM              0x20000000         0x00040000         xrw
SCRATCH_X        0x20040000         0x00001000         xrw
SCRATCH_Y        0x20041000         0x00001000         xrw
*default*        0x00000000         0xffffffff

Linker script and memory map

LOAD C:/Program Files (x86)/Arm/GNU Toolchain mingw-w64-x86_64-arm-none-eabi/bin/../lib/gcc/arm-none-eabi/15.2.1/thumb/v6-m/nofp/crti.o
LOAD C:/Program Files (x86)/Arm/GNU Toolchain mingw-w64-x86_64-arm-none-eabi/bin/../lib/gcc/arm-none-eabi/15.2.1/thumb/v6-m/nofp/crtbegin.o
LOAD C:/Program Files (x86)/Arm/GNU Toolchain mingw-w64-x86_64-arm-none-eabi/bin/../lib/gcc/arm-none-eabi/15.2.1/../../../../arm-none-eabi/lib/thumb/v6-m/nofp/crt0.o

.flash_begin    0x10000000        0x0
                0x10000000                        __flash_binary_start = .

.boot2          0x10000000      0x100
                0x10000000                        __boot2_start__ = .
 *(.boot2)
 .boot2         0x10000000      0x100 pico-sdk/src/rp2040/boot_stage2/CMakeFiles/bs2_default_library.dir/./bs2_default_padded_checksummed.S.obj
                0x10000100                        __boot2_end__ = .
                0x00000001                        ASSERT (((__boot2_end__ - __boot2_start__) == 0x100), ERROR: Pico second stage bootloader must be 256 bytes in size)

.text           0x10000100    0x18a5c
                0x10000100                        __logical_binary_start = .
 *(.vectors)
 .vectors       0x10000100       0xd4 CMakeFiles/pico_mqtt.dir/C_/pico/pico-sdk/src/rp2_common/pico_crt0/crt0.S.obj
                0x10000100                __VECTOR_TABLE
                0x10000100                __vectors
                0x100001c0                isr_irq13
                0x100001c0                isr_irq27
                0x100001c0                isr_irq31
                0x100001c0                isr_irq12
                0x100001c0                isr_irq5
                0x100001c0                isr_irq11
                0x100001c0                isr_irq3
                0x100001c0                isr_irq23
                0x100001c0                __unhandled_user_irq
                0x100001c0                isr_irq26
                0x100001c0                isr_irq28
                0x100001c0                isr_irq19
                0x100001c0                isr_irq0
                0x100001c0                isr_irq6
                0x100001c0                isr_irq29
                0x100001c0                isr_irq16
                0x100001c0                isr_irq22
                0x100001c0                isr_irq18
                0x100001c0                isr_irq17
                0x100001c0                isr_irq14
                0x100001c0                __vectors_end
                0x100001c0                __default_isrs_start
                0x100001c0                isr_irq2
                0x100001c0                isr_irq10
                0x100001c0                isr_irq8
                0x100001c0                isr_irq24
                0x100001c0                isr_irq1
                0x100001c0                isr_irq7
                0x100001c0                isr_irq21
                0x100001c0                isr_irq20
                0x100001c0                isr_irq15
                0x100001c0                isr_irq25
                0x100001c0                isr_irq4
                0x100001c0                isr_irq30
                0x100001c0                isr_irq9
                0x100001c6                unhandled_user_irq_num_in_r0
                0x100001c8                isr_invalid
                0x100001ca                isr_nmi
                0x100001cc                isr_hardfault
                0x100001ce                isr_svcall
                0x100001d0                isr_pendsv
                0x100001d2                isr_systick
                0x100001d4                __default_isrs_end
 *(.binary_info_header)
 .binary_info_header
                0x100001d4       0x14 CMakeFiles/pico_mqtt.dir/C_/pico/pico-sdk/src/rp2_common/pico_crt0/crt0.S.obj
                0x100001e8                        __binary_info_header_end = .
 *(.embedded_block)
                0x100001e8                        __embedded_block_end = .
 *(.reset)
 .reset         0x100001e8       0x9c CMakeFiles/pico_mqtt.dir/C_/pico/pico-sdk/src/rp2_common/pico_crt0/crt0.S.obj
                0x100001e8                _entry_point
 *(.init)
 .init          0x10000284        0x4 C:/Program Files (x86)/Arm/GNU Toolchain mingw-w64-x86_64-arm-none-eabi/bin/../lib/gcc/arm-none-eabi/15.2.1/thumb/v6-m/nofp/crti.o
                0x10000284                _init
 *(EXCLUDE_FILE(*libm.a: *libc.a:*lib_a-mem*.o *libgcc.a:) .text*)
 .text.register_tm_clones
                0x10000288       0x28 C:/Program Files (x86)/Arm/GNU Toolchain mingw-w64-x86_64-arm-none-eabi/bin/../lib/gcc/arm-none-eabi/15.2.1/thumb/v6-m/nofp/crtbegin.o
 .text.frame_dummy
                0x100002b0       0x24 C:/Program Files (x86)/Arm/GNU Toolchain mingw-w64-x86_64-arm-none-eabi/bin/../lib/gcc/arm-none-eabi/15.2.1/thumb/v6-m/nofp/crtbegin.o
 .text.mqtt_incoming_publish_cb
                0x100002d4       0x28 CMakeFiles/pico_mqtt.dir/src/main.c.obj
 .text.mqtt_subscribe_cb
                0x100002fc       0x24 CMakeFiles/pico_mqtt.dir/src/main.c.obj
 .text.mqtt_connection_cb
                0x10000320       0x68 CMakeFiles/pico_mqtt.dir/src/main.c.obj
 .text.mqtt_incoming_data_cb
                0x10000388       0xf8 CMakeFiles/pico_mqtt.dir/src/main.c.obj
 .text.startup.main
                0x10000480      0x370 CMakeFiles/pico_mqtt.dir/src/main.c.obj
                0x10000480                main
 .text.gpio_set_function
                0x100007f0       0x30 CMakeFiles/pico_mqtt.dir/C_/pico/pico-sdk/src/rp2_common/hardware_gpio/gpio.c.obj
                0x100007f0                gpio_set_function
 .text.gpio_set_pulls
                0x10000820       0x24 CMakeFiles/pico_mqtt.dir/C_/pico/pico-sdk/src/rp2_common/hardware_gpio/gpio.c.obj
                0x10000820                gpio_set_pulls
 .text.gpio_set_input_hysteresis_enabled
                0x10000844       0x24 CMakeFiles/pico_mqtt.dir/C_/pico/pico-sdk/src/rp2_common/hardware_gpio/gpio.c.obj
                0x10000844                gpio_set_input_hysteresis_enabled
 .text.gpio_set_irq_enabled
                0x10000868       0x54 CMakeFiles/pico_mqtt.dir/C_/pico/pico-sdk/src/rp2_common/hardware_gpio/gpio.c.obj
                0x10000868                gpio_set_irq_enabled
 .text.gpio_add_raw_irq_handler_with_order_priority_masked
                0x100008bc       0x40 CMakeFiles/pico_mqtt.dir/C_/pico/pico-sdk/src/rp2_common/hardware_gpio/gpio.c.obj
                0x100008bc                gpio_add_raw_irq_handler_with_order_priority_masked
 .text.gpio_remove_raw_irq_handler_masked
                0x100008fc       0x20 CMakeFiles/pico_mqtt.dir/C_/pico/pico-sdk/src/rp2_common/hardware_gpio/gpio.c.obj
                0x100008fc                gpio_remove_raw_irq_handler_masked
 .text.gpio_init
                0x1000091c       0x3c CMakeFiles/pico_mqtt.dir/C_/pico/pico-sdk/src/rp2_common/hardware_gpio/gpio.c.obj
                0x1000091c                gpio_init
 .text.rp2040_chip_version
                0x10000958        0xc CMakeFiles/pico_mqtt.dir/C_/pico/pico-sdk/src/rp2040/pico_platform/platform.c.obj
                0x10000958                rp2040_chip_version
 .text.panic    0x10000964       0x30 CMakeFiles/pico_mqtt.dir/C_/pico/pico-sdk/src/rp2_common/pico_platform_panic/panic.c.obj
                0x10000964                panic
 .text.hw_claim_lock
                0x10000994       0x18 CMakeFiles/pico_mqtt.dir/C_/pico/pico-sdk/src/common/hardware_claim/claim.c.obj
                0x10000994                hw_claim_lock
 .text.hw_claim_unlock
                0x100009ac       0x14 CMakeFiles/pico_mqtt.dir/C_/pico/pico-sdk/src/common/hardware_claim/claim.c.obj
                0x100009ac                hw_claim_unlock
 .text.hw_claim_or_assert
                0x100009c0       0x50 CMakeFiles/pico_mqtt.dir/C_/pico/pico-sdk/src/common/hardware_claim/claim.c.obj
                0x100009c0                hw_claim_or_assert
 .text.hw_claim_unused_from_range
                0x10000a10       0x88 CMakeFiles/pico_mqtt.dir/C_/pico/pico-sdk/src/common/hardware_claim/claim.c.obj
                0x10000a10                hw_claim_unused_from_range
 .text.hw_claim_clear
                0x10000a98       0x40 CMakeFiles/pico_mqtt.dir/C_/pico/pico-sdk/src/common/hardware_claim/claim.c.obj
                0x10000a98                hw_claim_clear
 .text.next_striped_spin_lock_num
                0x10000ad8       0x18 CMakeFiles/pico_mqtt.dir/C_/pico/pico-sdk/src/rp2_common/hardware_sync/sync.c.obj
                0x10000ad8                next_striped_spin_lock_num
 .text.spin_lock_claim_unused
                0x10000af0       0x20 CMakeFiles/pico_mqtt.dir/C_/pico/pico-sdk/src/rp2_common/hardware_sync/sync.c.obj
                0x10000af0                spin_lock_claim_unused
 .text.spin_locks_reset
                0x10000b10       0x1c CMakeFiles/pico_mqtt.dir/C_/pico/pico-sdk/src/rp2_common/hardware_sync_spin_lock/sync_spin_lock.c.obj
                0x10000b10                spin_locks_reset
 .text.runtime_init_per_core_irq_priorities
                0x10000b2c       0x48 CMakeFiles/pico_mqtt.dir/C_/pico/pico-sdk/src/rp2_common/hardware_irq/irq.c.obj
                0x10000b2c                runtime_init_per_core_irq_priorities
 .text.irq_set_enabled
                0x10000b74       0x24 CMakeFiles/pico_mqtt.dir/C_/pico/pico-sdk/src/rp2_common/hardware_irq/irq.c.obj
                0x10000b74                irq_set_enabled
 .text.irq_is_enabled
                0x10000b98       0x18 CMakeFiles/pico_mqtt.dir/C_/pico/pico-sdk/src/rp2_common/hardware_irq/irq.c.obj
                0x10000b98                irq_is_enabled
 .text.irq_set_pending
                0x10000bb0       0x10 CMakeFiles/pico_mqtt.dir/C_/pico/pico-sdk/src/rp2_common/hardware_irq/irq.c.obj
                0x10000bb0                irq_set_pending
 .text.irq_has_shared_handler
                0x10000bc0       0x20 CMakeFiles/pico_mqtt.dir/C_/pico/pico-sdk/src/rp2_common/hardware_irq/irq.c.obj
                0x10000bc0                irq_has_shared_handler
 .text.irq_set_exclusive_handler
                0x10000be0       0x54 CMakeFiles/pico_mqtt.dir/C_/pico/pico-sdk/src/rp2_common/hardware_irq/irq.c.obj
                0x10000be0                irq_set_exclusive_handler
 .text.irq_add_shared_handler
                0x10000c34      0x1cc CMakeFiles/pico_mqtt.dir/C_/pico/pico-sdk/src/rp2_common/hardware_irq/irq.c.obj
                0x10000c34                irq_add_shared_handler
 .text.irq_remove_handler
                0x10000e00      0x1c8 CMakeFiles/pico_mqtt.dir/C_/pico/pico-sdk/src/rp2_common/hardware_irq/irq.c.obj
                0x10000e00                irq_remove_handler
 .text.irq_add_tail_to_free_list
                0x10000fc8       0xb4 CMakeFiles/pico_mqtt.dir/C_/pico/pico-sdk/src/rp2_common/hardware_irq/irq.c.obj
                0x10000fc8                irq_add_tail_to_free_list
 .text.user_irq_claim_unused
                0x1000107c       0x28 CMakeFiles/pico_mqtt.dir/C_/pico/pico-sdk/src/rp2_common/hardware_irq/irq.c.obj
                0x1000107c                user_irq_claim_unused
 .text.sem_init
                0x100010a4       0x20 CMakeFiles/pico_mqtt.dir/C_/pico/pico-sdk/src/common/pico_sync/sem.c.obj
                0x100010a4                sem_init
 .text.lock_init
                0x100010c4       0x10 CMakeFiles/pico_mqtt.dir/C_/pico/pico-sdk/src/common/pico_sync/lock_core.c.obj
                0x100010c4                lock_init
 .text.runtime_init_mutex
                0x100010d4       0x50 CMakeFiles/pico_mqtt.dir/C_/pico/pico-sdk/src/common/pico_sync/mutex.c.obj
                0x100010d4                runtime_init_mutex
 .text.mutex_init
                0x10001124       0x1c CMakeFiles/pico_mqtt.dir/C_/pico/pico-sdk/src/common/pico_sync/mutex.c.obj
                0x10001124                mutex_init
 .text.critical_section_init
                0x10001140       0x1c CMakeFiles/pico_mqtt.dir/C_/pico/pico-sdk/src/common/pico_sync/critical_section.c.obj
                0x10001140                critical_section_init
 .text.critical_section_init_with_lock_num
                0x1000115c       0x14 CMakeFiles/pico_mqtt.dir/C_/pico/pico-sdk/src/common/pico_sync/critical_section.c.obj
                0x1000115c                critical_section_init_with_lock_num
 .text.sleep_until_callback
                0x10001170       0x30 CMakeFiles/pico_mqtt.dir/C_/pico/pico-sdk/src/common/pico_time/time.c.obj
 .text.alarm_pool_irq_handler
                0x100011a0      0x2f4 CMakeFiles/pico_mqtt.dir/C_/pico/pico-sdk/src/common/pico_time/time.c.obj
 .text.runtime_init_default_alarm_pool
                0x10001494       0xd8 CMakeFiles/pico_mqtt.dir/C_/pico/pico-sdk/src/common/pico_time/time.c.obj
                0x10001494                runtime_init_default_alarm_pool
 .text.alarm_pool_get_default
                0x1000156c        0x8 CMakeFiles/pico_mqtt.dir/C_/pico/pico-sdk/src/common/pico_time/time.c.obj
                0x1000156c                alarm_pool_get_default
 .text.alarm_pool_add_alarm_at
                0x10001574       0xcc CMakeFiles/pico_mqtt.dir/C_/pico/pico-sdk/src/common/pico_time/time.c.obj
                0x10001574                alarm_pool_add_alarm_at
 .text.alarm_pool_add_alarm_at_force_in_context
                0x10001640       0xbc CMakeFiles/pico_mqtt.dir/C_/pico/pico-sdk/src/common/pico_time/time.c.obj
                0x10001640                alarm_pool_add_alarm_at_force_in_context
 .text.alarm_pool_cancel_alarm
                0x100016fc       0x74 CMakeFiles/pico_mqtt.dir/C_/pico/pico-sdk/src/common/pico_time/time.c.obj
                0x100016fc                alarm_pool_cancel_alarm
 .text.alarm_pool_core_num
                0x10001770        0x4 CMakeFiles/pico_mqtt.dir/C_/pico/pico-sdk/src/common/pico_time/time.c.obj
                0x10001770                alarm_pool_core_num
 .text.sleep_until
                0x10001774       0xc8 CMakeFiles/pico_mqtt.dir/C_/pico/pico-sdk/src/common/pico_time/time.c.obj
                0x10001774                sleep_until
 .text.sleep_ms
                0x1000183c       0xfc CMakeFiles/pico_mqtt.dir/C_/pico/pico-sdk/src/common/pico_time/time.c.obj
                0x1000183c                sleep_ms
 .text.best_effort_wfe_or_timeout
                0x10001938      0x100 CMakeFiles/pico_mqtt.dir/C_/pico/pico-sdk/src/common/pico_time/time.c.obj
                0x10001938                best_effort_wfe_or_timeout
 .text.timer_hardware_alarm_claim
                0x10001a38       0x14 CMakeFiles/pico_mqtt.dir/C_/pico/pico-sdk/src/rp2_common/hardware_timer/timer.c.obj
                0x10001a38                timer_hardware_alarm_claim
 .text.timer_time_us_64
                0x10001a4c       0x10 CMakeFiles/pico_mqtt.dir/C_/pico/pico-sdk/src/rp2_common/hardware_timer/timer.c.obj
                0x10001a4c                timer_time_us_64
 .text.time_us_64
                0x10001a5c       0x14 CMakeFiles/pico_mqtt.dir/C_/pico/pico-sdk/src/rp2_common/hardware_timer/timer.c.obj
                0x10001a5c                time_us_64
 .text.busy_wait_until
                0x10001a70       0x20 CMakeFiles/pico_mqtt.dir/C_/pico/pico-sdk/src/rp2_common/hardware_timer/timer.c.obj
                0x10001a70                busy_wait_until
 .text.clock_configure_int_divider
                0x10001a90       0xec CMakeFiles/pico_mqtt.dir/C_/pico/pico-sdk/src/rp2_common/hardware_clocks/clocks.c.obj
                0x10001a90                clock_configure_int_divider
 .text.clock_configure_undivided
                0x10001b7c       0xe0 CMakeFiles/pico_mqtt.dir/C_/pico/pico-sdk/src/rp2_common/hardware_clocks/clocks.c.obj
                0x10001b7c                clock_configure_undivided
 .text.clock_get_hz
                0x10001c5c        0xc CMakeFiles/pico_mqtt.dir/C_/pico/pico-sdk/src/rp2_common/hardware_clocks/clocks.c.obj
                0x10001c5c                clock_get_hz
 .text.pll_init
                0x10001c68       0xb0 CMakeFiles/pico_mqtt.dir/C_/pico/pico-sdk/src/rp2_common/hardware_pll/pll.c.obj
                0x10001c68                pll_init
 .text.watchdog_reboot
                0x10001d18       0x9c CMakeFiles/pico_mqtt.dir/C_/pico/pico-sdk/src/rp2_common/hardware_watchdog/watchdog.c.obj
                0x10001d18                watchdog_reboot
 .text.tick_start
                0x10001db4       0x10 CMakeFiles/pico_mqtt.dir/C_/pico/pico-sdk/src/rp2_common/hardware_ticks/ticks.c.obj
                0x10001db4                tick_start
 .text.rom_func_lookup
                0x10001dc4       0x10 CMakeFiles/pico_mqtt.dir/C_/pico/pico-sdk/src/rp2_common/pico_bootrom/bootrom.c.obj
                0x10001dc4                rom_func_lookup
 .text.rom_data_lookup
                0x10001dd4       0x10 CMakeFiles/pico_mqtt.dir/C_/pico/pico-sdk/src/rp2_common/pico_bootrom/bootrom.c.obj
                0x10001dd4                rom_data_lookup
 .text.rom_funcs_lookup
                0x10001de4       0x44 CMakeFiles/pico_mqtt.dir/C_/pico/pico-sdk/src/rp2_common/pico_bootrom/bootrom.c.obj
                0x10001de4                rom_funcs_lookup
 .text.rom_reset_usb_boot_extra
                0x10001e28       0x24 CMakeFiles/pico_mqtt.dir/C_/pico/pico-sdk/src/rp2_common/pico_bootrom/bootrom.c.obj
                0x10001e28                rom_reset_usb_boot_extra
 .text.xosc_init
                0x10001e4c       0x28 CMakeFiles/pico_mqtt.dir/C_/pico/pico-sdk/src/rp2_common/hardware_xosc/xosc.c.obj
                0x10001e4c                xosc_init
 .text.first_per_core_initializer
                0x10001e74        0x4 CMakeFiles/pico_mqtt.dir/C_/pico/pico-sdk/src/rp2_common/pico_runtime/runtime.c.obj
 .text.hard_assertion_failure
                0x10001e78        0xc CMakeFiles/pico_mqtt.dir/C_/pico/pico-sdk/src/rp2_common/pico_runtime/runtime.c.obj
                0x10001e78                hard_assertion_failure
 .text.runtime_run_initializers
                0x10001e84       0x28 CMakeFiles/pico_mqtt.dir/C_/pico/pico-sdk/src/rp2_common/pico_runtime/runtime.c.obj
                0x10001e84                runtime_run_initializers
 .text.runtime_init_early_resets
                0x10001eac       0x2c CMakeFiles/pico_mqtt.dir/C_/pico/pico-sdk/src/rp2_common/pico_runtime_init/runtime_init.c.obj
                0x10001eac                runtime_init_early_resets
 .text.runtime_init_usb_power_down
                0x10001ed8       0x1c CMakeFiles/pico_mqtt.dir/C_/pico/pico-sdk/src/rp2_common/pico_runtime_init/runtime_init.c.obj
                0x10001ed8                runtime_init_usb_power_down
 .text.runtime_init_post_clock_resets
                0x10001ef4       0x20 CMakeFiles/pico_mqtt.dir/C_/pico/pico-sdk/src/rp2_common/pico_runtime_init/runtime_init.c.obj
                0x10001ef4                runtime_init_post_clock_resets
 .text.runtime_init_rp2040_gpio_ie_disable
                0x10001f14       0x14 CMakeFiles/pico_mqtt.dir/C_/pico/pico-sdk/src/rp2_common/pico_runtime_init/runtime_init.c.obj
                0x10001f14                runtime_init_rp2040_gpio_ie_disable
 .text.runtime_init_spin_locks_reset
                0x10001f28        0x8 CMakeFiles/pico_mqtt.dir/C_/pico/pico-sdk/src/rp2_common/pico_runtime_init/runtime_init.c.obj
                0x10001f28                runtime_init_spin_locks_reset
 .text.runtime_init_install_ram_vector_table
                0x10001f30       0xb8 CMakeFiles/pico_mqtt.dir/C_/pico/pico-sdk/src/rp2_common/pico_runtime_init/runtime_init.c.obj
                0x10001f30                runtime_init_install_ram_vector_table
 .text.runtime_init_clocks
                0x10001fe8       0xd8 CMakeFiles/pico_mqtt.dir/C_/pico/pico-sdk/src/rp2_common/pico_runtime_init/runtime_init_clocks.c.obj
                0x10001fe8                runtime_init_clocks
 .text          0x100020c0       0x10 CMakeFiles/pico_mqtt.dir/C_/pico/pico-sdk/src/rp2_common/pico_bit_ops/bit_ops_aeabi.S.obj
 .text.ctzsi    0x100020d0        0xc CMakeFiles/pico_mqtt.dir/C_/pico/pico-sdk/src/rp2_common/pico_bit_ops/bit_ops_aeabi.S.obj
                0x100020d0                __wrap___ctzsi2
 .text.__wrap___aeabi_idiv
                0x100020dc       0x50 CMakeFiles/pico_mqtt.dir/C_/pico/pico-sdk/src/rp2_common/pico_divider/divider_hardware.S.obj
                0x100020dc                __wrap___aeabi_idivmod
                0x100020dc                divmod_s32s32
                0x100020dc                div_s32s32
                0x100020dc                __wrap___aeabi_idiv
                0x100020e4                divmod_s32s32_unsafe
                0x10002110                divmod_s32s32_savestate
 .text.__wrap___aeabi_uidiv
                0x1000212c       0x4c CMakeFiles/pico_mqtt.dir/C_/pico/pico-sdk/src/rp2_common/pico_divider/divider_hardware.S.obj
                0x1000212c                __wrap___aeabi_uidiv
                0x1000212c                __wrap___aeabi_uidivmod
                0x1000212c                div_u32u32
                0x1000212c                divmod_u32u32
                0x10002134                divmod_u32u32_unsafe
                0x1000215c                divmod_u32u32_savestate
 .text.__wrap___aeabi_ldiv
                0x10002178      0x424 CMakeFiles/pico_mqtt.dir/C_/pico/pico-sdk/src/rp2_common/pico_divider/divider_hardware.S.obj
                0x10002178                div_s64s64
                0x10002178                divmod_s64s64
                0x10002178                __wrap___aeabi_ldivmod
                0x100021a8                divmod_u64u64
                0x100021a8                div_u64u64
                0x100021a8                __wrap___aeabi_uldivmod
                0x100021b8                divmod_u64u64_savestate
                0x100021d8                divmod_s64s64_unsafe
                0x10002260                divmod_u64u64_unsafe
 .text.__wrap___aeabi_darithmetic
                0x1000259c       0x60 CMakeFiles/pico_mqtt.dir/C_/pico/pico-sdk/src/rp2_common/pico_double/double_aeabi_rp2040.S.obj
                0x1000259c                __wrap___aeabi_drsub
                0x100025a2                __wrap___aeabi_dsub
                0x100025ac                __wrap___aeabi_dadd
                0x100025b6                __wrap___aeabi_ddiv
                0x100025ea                __wrap___aeabi_dmul
 .text.__wrap___aeabi_cdcmple
                0x100025fc       0x6c CMakeFiles/pico_mqtt.dir/C_/pico/pico-sdk/src/rp2_common/pico_double/double_aeabi_rp2040.S.obj
                0x100025fc                __wrap___aeabi_cdrcmple
                0x1000260c                __wrap___aeabi_cdcmpeq
                0x1000260c                __wrap___aeabi_cdcmple
 .text.__wrap___aeabi_dcmplt
                0x10002668        0xc CMakeFiles/pico_mqtt.dir/C_/pico/pico-sdk/src/rp2_common/pico_double/double_aeabi_rp2040.S.obj
                0x10002668                __wrap___aeabi_dcmplt
 .text.__wrap___aeabi_dcmple
                0x10002674       0x10 CMakeFiles/pico_mqtt.dir/C_/pico/pico-sdk/src/rp2_common/pico_double/double_aeabi_rp2040.S.obj
                0x10002674                __wrap___aeabi_dcmple
 .text.__wrap___aeabi_dcmpge
                0x10002684       0x10 CMakeFiles/pico_mqtt.dir/C_/pico/pico-sdk/src/rp2_common/pico_double/double_aeabi_rp2040.S.obj
                0x10002684                __wrap___aeabi_dcmpge
 .text.__wrap___aeabi_dcmpgt
                0x10002694        0xa CMakeFiles/pico_mqtt.dir/C_/pico/pico-sdk/src/rp2_common/pico_double/double_aeabi_rp2040.S.obj
                0x10002694                __wrap___aeabi_dcmpgt
 .text.__wrap___aeabi_dcmpun
                0x1000269e       0x18 CMakeFiles/pico_mqtt.dir/C_/pico/pico-sdk/src/rp2_common/pico_double/double_aeabi_rp2040.S.obj
                0x1000269e                __wrap___aeabi_dcmpun
 *fill*         0x100026b6        0x2 
 .text.__wrap___aeabi_i2d
                0x100026b8       0x38 CMakeFiles/pico_mqtt.dir/C_/pico/pico-sdk/src/rp2_common/pico_double/double_aeabi_rp2040.S.obj
                0x100026b8                uint2double
                0x100026b8                __wrap___aeabi_ui2d
                0x100026c0                int2double
                0x100026c0                __wrap___aeabi_i2d
 .text.__wrap___aeabi_d2iz
                0x100026f0       0x48 CMakeFiles/pico_mqtt.dir/C_/pico/pico-sdk/src/rp2_common/pico_double/double_aeabi_rp2040.S.obj
                0x100026f0                double2int_z
                0x100026f0                __wrap___aeabi_d2iz
 .text.__wrap___aeabi_d2uiz
                0x10002738       0x10 CMakeFiles/pico_mqtt.dir/C_/pico/pico-sdk/src/rp2_common/pico_double/double_aeabi_rp2040.S.obj
                0x10002738                double2uint
                0x10002738                __wrap___aeabi_d2uiz
                0x10002738                double2uint_z
 .text.missing_double_func_shim
                0x10002748        0xc CMakeFiles/pico_mqtt.dir/C_/pico/pico-sdk/src/rp2_common/pico_double/double_init_rom_rp2040.c.obj
 .text.__aeabi_double_init
                0x10002754       0xa0 CMakeFiles/pico_mqtt.dir/C_/pico/pico-sdk/src/rp2_common/pico_double/double_init_rom_rp2040.c.obj
                0x10002754                __aeabi_double_init
 .text.double_table_shim_on_use_helper
                0x100027f4       0x2c CMakeFiles/pico_mqtt.dir/C_/pico/pico-sdk/src/rp2_common/pico_double/double_v1_rom_shim_rp2040.S.obj
                0x100027f4                double_table_shim_on_use_helper
 .text.__aeabi_lmul
                0x10002820       0x32 CMakeFiles/pico_mqtt.dir/C_/pico/pico-sdk/src/rp2_common/pico_int64_ops/pico_int64_ops_aeabi.S.obj
                0x10002820                __wrap___aeabi_lmul
 *fill*         0x10002852        0x2 
 .text.__wrap___aeabi_farithmetic
                0x10002854       0x48 CMakeFiles/pico_mqtt.dir/C_/pico/pico-sdk/src/rp2_common/pico_float/float_aeabi_rp2040.S.obj
                0x10002854                __wrap___aeabi_frsub
                0x1000285a                __wrap___aeabi_fsub
                0x10002860                __wrap___aeabi_fadd
                0x10002866                __wrap___aeabi_fdiv
                0x1000288e                __wrap___aeabi_fmul
 .text.__wrap___aeabi_i2f
                0x1000289c       0x44 CMakeFiles/pico_mqtt.dir/C_/pico/pico-sdk/src/rp2_common/pico_float/float_aeabi_rp2040.S.obj
                0x1000289c                __wrap___aeabi_i2f
                0x1000289c                int2float
 .text.__wrap___aeabi_f2d
                0x100028e0        0xc CMakeFiles/pico_mqtt.dir/C_/pico/pico-sdk/src/rp2_common/pico_float/float_aeabi_rp2040.S.obj
                0x100028e0                __wrap___aeabi_f2d
 .text.missing_float_func_shim
                0x100028ec        0xc CMakeFiles/pico_mqtt.dir/C_/pico/pico-sdk/src/rp2_common/pico_float/float_init_rom_rp2040.c.obj
 .text.__aeabi_float_init
                0x100028f8       0x60 CMakeFiles/pico_mqtt.dir/C_/pico/pico-sdk/src/rp2_common/pico_float/float_init_rom_rp2040.c.obj
                0x100028f8                __aeabi_float_init
 .text          0x10002958       0x10 CMakeFiles/pico_mqtt.dir/C_/pico/pico-sdk/src/rp2_common/pico_mem_ops/mem_ops_aeabi.S.obj
                0x10002958                __aeabi_mem_init
 .text.memset   0x10002968        0xc CMakeFiles/pico_mqtt.dir/C_/pico/pico-sdk/src/rp2_common/pico_mem_ops/mem_ops_aeabi.S.obj
                0x10002968                __wrap_memset
 .text.memcpy   0x10002974        0xc CMakeFiles/pico_mqtt.dir/C_/pico/pico-sdk/src/rp2_common/pico_mem_ops/mem_ops_aeabi.S.obj
                0x10002974                __wrap_memcpy
                0x10002974                __wrap___aeabi_memcpy
 .text._out_buffer
                0x10002980        0x8 CMakeFiles/pico_mqtt.dir/C_/pico/pico-sdk/src/rp2_common/pico_printf/printf.c.obj
 .text._out_null
                0x10002988        0x4 CMakeFiles/pico_mqtt.dir/C_/pico/pico-sdk/src/rp2_common/pico_printf/printf.c.obj
 .text._out_rev
                0x1000298c       0xa8 CMakeFiles/pico_mqtt.dir/C_/pico/pico-sdk/src/rp2_common/pico_printf/printf.c.obj
 .text._ntoa_format
                0x10002a34      0x1d8 CMakeFiles/pico_mqtt.dir/C_/pico/pico-sdk/src/rp2_common/pico_printf/printf.c.obj
 .text._out_char
                0x10002c0c       0x10 CMakeFiles/pico_mqtt.dir/C_/pico/pico-sdk/src/rp2_common/pico_printf/printf.c.obj
 .text._out_fct
                0x10002c1c       0x10 CMakeFiles/pico_mqtt.dir/C_/pico/pico-sdk/src/rp2_common/pico_printf/printf.c.obj
 .text._ftoa    0x10002c2c      0x474 CMakeFiles/pico_mqtt.dir/C_/pico/pico-sdk/src/rp2_common/pico_printf/printf.c.obj
 .text._etoa    0x100030a0      0x560 CMakeFiles/pico_mqtt.dir/C_/pico/pico-sdk/src/rp2_common/pico_printf/printf.c.obj
 .text._vsnprintf
                0x10003600      0xab8 CMakeFiles/pico_mqtt.dir/C_/pico/pico-sdk/src/rp2_common/pico_printf/printf.c.obj
 .text.__wrap_snprintf
                0x100040b8       0x28 CMakeFiles/pico_mqtt.dir/C_/pico/pico-sdk/src/rp2_common/pico_printf/printf.c.obj
                0x100040b8                __wrap_snprintf
 .text.vfctprintf
                0x100040e0       0x20 CMakeFiles/pico_mqtt.dir/C_/pico/pico-sdk/src/rp2_common/pico_printf/printf.c.obj
                0x100040e0                vfctprintf
 .text.weak_raw_vprintf
                0x10004100       0x30 CMakeFiles/pico_mqtt.dir/C_/pico/pico-sdk/src/rp2_common/pico_printf/printf.c.obj
                0x10004100                weak_raw_vprintf
 .text._exit    0x10004130        0x4 CMakeFiles/pico_mqtt.dir/C_/pico/pico-sdk/src/rp2_common/pico_clib_interface/newlib_interface.c.obj
                0x10004130                _exit
 .text.exit     0x10004134        0x8 CMakeFiles/pico_mqtt.dir/C_/pico/pico-sdk/src/rp2_common/pico_clib_interface/newlib_interface.c.obj
                0x10004134                exit
 .text.runtime_init
                0x1000413c       0x2c CMakeFiles/pico_mqtt.dir/C_/pico/pico-sdk/src/rp2_common/pico_clib_interface/newlib_interface.c.obj
                0x1000413c                runtime_init
 .text.stdio_out_chars_no_crlf
                0x10004168       0x10 CMakeFiles/pico_mqtt.dir/C_/pico/pico-sdk/src/rp2_common/pico_stdio/stdio.c.obj
 .text.stdio_out_chars_crlf
                0x10004178       0x90 CMakeFiles/pico_mqtt.dir/C_/pico/pico-sdk/src/rp2_common/pico_stdio/stdio.c.obj
 .text.stdio_buffered_printer
                0x10004208       0x64 CMakeFiles/pico_mqtt.dir/C_/pico/pico-sdk/src/rp2_common/pico_stdio/stdio.c.obj
 .text.stdio_put_string
                0x1000426c       0xf4 CMakeFiles/pico_mqtt.dir/C_/pico/pico-sdk/src/rp2_common/pico_stdio/stdio.c.obj
                0x1000426c                stdio_put_string
 .text.stdio_set_driver_enabled
                0x10004360       0x30 CMakeFiles/pico_mqtt.dir/C_/pico/pico-sdk/src/rp2_common/pico_stdio/stdio.c.obj
                0x10004360                stdio_set_driver_enabled
 .text.stdio_init_all
                0x10004390        0x8 CMakeFiles/pico_mqtt.dir/C_/pico/pico-sdk/src/rp2_common/pico_stdio/stdio.c.obj
                0x10004390                stdio_init_all
 .text.__wrap_putchar
                0x10004398       0x94 CMakeFiles/pico_mqtt.dir/C_/pico/pico-sdk/src/rp2_common/pico_stdio/stdio.c.obj
                0x10004398                __wrap_putchar
                0x10004398                stdio_putchar
 .text.__wrap_puts
                0x1000442c       0x3c CMakeFiles/pico_mqtt.dir/C_/pico/pico-sdk/src/rp2_common/pico_stdio/stdio.c.obj
                0x1000442c                stdio_puts
                0x1000442c                __wrap_puts
 .text.__wrap_vprintf
                0x10004468       0xc8 CMakeFiles/pico_mqtt.dir/C_/pico/pico-sdk/src/rp2_common/pico_stdio/stdio.c.obj
                0x10004468                stdio_vprintf
                0x10004468                __wrap_vprintf
 .text.__wrap_printf
                0x10004530       0x18 CMakeFiles/pico_mqtt.dir/C_/pico/pico-sdk/src/rp2_common/pico_stdio/stdio.c.obj
                0x10004530                __wrap_printf
                0x10004530                stdio_printf
 .text.resetd_init
                0x10004548        0x4 CMakeFiles/pico_mqtt.dir/C_/pico/pico-sdk/src/rp2_common/pico_stdio_usb/reset_interface.c.obj
 .text.resetd_reset
                0x1000454c        0xc CMakeFiles/pico_mqtt.dir/C_/pico/pico-sdk/src/rp2_common/pico_stdio_usb/reset_interface.c.obj
 .text.resetd_open
                0x10004558       0x28 CMakeFiles/pico_mqtt.dir/C_/pico/pico-sdk/src/rp2_common/pico_stdio_usb/reset_interface.c.obj
 .text.resetd_xfer_cb
                0x10004580        0x4 CMakeFiles/pico_mqtt.dir/C_/pico/pico-sdk/src/rp2_common/pico_stdio_usb/reset_interface.c.obj
 .text.resetd_control_xfer_cb
                0x10004584       0x54 CMakeFiles/pico_mqtt.dir/C_/pico/pico-sdk/src/rp2_common/pico_stdio_usb/reset_interface.c.obj
 .text.tud_descriptor_bos_cb
                0x100045d8        0x8 CMakeFiles/pico_mqtt.dir/C_/pico/pico-sdk/src/rp2_common/pico_stdio_usb/reset_interface.c.obj
                0x100045d8                tud_descriptor_bos_cb
 .text.tud_vendor_control_xfer_cb
                0x100045e0       0x38 CMakeFiles/pico_mqtt.dir/C_/pico/pico-sdk/src/rp2_common/pico_stdio_usb/reset_interface.c.obj
                0x100045e0                tud_vendor_control_xfer_cb
 .text.usbd_app_driver_get_cb
                0x10004618        0xc CMakeFiles/pico_mqtt.dir/C_/pico/pico-sdk/src/rp2_common/pico_stdio_usb/reset_interface.c.obj
                0x10004618                usbd_app_driver_get_cb
 .text.tud_cdc_line_coding_cb
                0x10004624       0x2c CMakeFiles/pico_mqtt.dir/C_/pico/pico-sdk/src/rp2_common/pico_stdio_usb/reset_interface.c.obj
                0x10004624                tud_cdc_line_coding_cb
 .text.stdio_usb_set_chars_available_callback
                0x10004650       0x14 CMakeFiles/pico_mqtt.dir/C_/pico/pico-sdk/src/rp2_common/pico_stdio_usb/stdio_usb.c.obj
                0x10004650                stdio_usb_set_chars_available_callback
 .text.usb_irq  0x10004664       0x10 CMakeFiles/pico_mqtt.dir/C_/pico/pico-sdk/src/rp2_common/pico_stdio_usb/stdio_usb.c.obj
 .text.timer_task
                0x10004674       0x64 CMakeFiles/pico_mqtt.dir/C_/pico/pico-sdk/src/rp2_common/pico_stdio_usb/stdio_usb.c.obj
 .text.stdio_usb_in_chars
                0x100046d8       0x8c CMakeFiles/pico_mqtt.dir/C_/pico/pico-sdk/src/rp2_common/pico_stdio_usb/stdio_usb.c.obj
                0x100046d8                stdio_usb_in_chars
 .text.stdio_usb_out_flush
                0x10004764       0x4c CMakeFiles/pico_mqtt.dir/C_/pico/pico-sdk/src/rp2_common/pico_stdio_usb/stdio_usb.c.obj
 .text.stdio_usb_out_chars
                0x100047b0       0xf8 CMakeFiles/pico_mqtt.dir/C_/pico/pico-sdk/src/rp2_common/pico_stdio_usb/stdio_usb.c.obj
 .text.low_priority_worker_irq
                0x100048a8       0xc4 CMakeFiles/pico_mqtt.dir/C_/pico/pico-sdk/src/rp2_common/pico_stdio_usb/stdio_usb.c.obj
 .text.stdio_usb_init
                0x1000496c       0xe4 CMakeFiles/pico_mqtt.dir/C_/pico/pico-sdk/src/rp2_common/pico_stdio_usb/stdio_usb.c.obj
                0x1000496c                stdio_usb_init
 .text.tud_descriptor_device_cb
                0x10004a50        0x8 CMakeFiles/pico_mqtt.dir/C_/pico/pico-sdk/src/rp2_common/pico_stdio_usb/stdio_usb_descriptors.c.obj
                0x10004a50                tud_descriptor_device_cb
 .text.tud_descriptor_configuration_cb
                0x10004a58        0x8 CMakeFiles/pico_mqtt.dir/C_/pico/pico-sdk/src/rp2_common/pico_stdio_usb/stdio_usb_descriptors.c.obj
                0x10004a58                tud_descriptor_configuration_cb
 .text.tud_descriptor_string_cb
                0x10004a60       0x70 CMakeFiles/pico_mqtt.dir/C_/pico/pico-sdk/src/rp2_common/pico_stdio_usb/stdio_usb_descriptors.c.obj
                0x10004a60                tud_descriptor_string_cb
 .text.startup._retrieve_unique_id_on_boot
                0x10004ad0       0x10 CMakeFiles/pico_mqtt.dir/C_/pico/pico-sdk/src/rp2_common/pico_unique_id/unique_id.c.obj
 .text.pico_get_unique_board_id
                0x10004ae0       0x10 CMakeFiles/pico_mqtt.dir/C_/pico/pico-sdk/src/rp2_common/pico_unique_id/unique_id.c.obj
                0x10004ae0                pico_get_unique_board_id
 .text.pico_get_unique_board_id_string
                0x10004af0      0x1e0 CMakeFiles/pico_mqtt.dir/C_/pico/pico-sdk/src/rp2_common/pico_unique_id/unique_id.c.obj
                0x10004af0                pico_get_unique_board_id_string
 .text.flash_get_unique_id
                0x10004cd0       0x3c CMakeFiles/pico_mqtt.dir/C_/pico/pico-sdk/src/rp2_common/hardware_flash/flash.c.obj
                0x10004cd0                flash_get_unique_id
 .text.dcd_init
                0x10004d0c       0x90 CMakeFiles/pico_mqtt.dir/C_/pico/pico-sdk/lib/tinyusb/src/portable/raspberrypi/rp2040/dcd_rp2040.c.obj
                0x10004d0c                dcd_init
 .text.dcd_int_enable
                0x10004d9c        0xc CMakeFiles/pico_mqtt.dir/C_/pico/pico-sdk/lib/tinyusb/src/portable/raspberrypi/rp2040/dcd_rp2040.c.obj
                0x10004d9c                dcd_int_enable
 .text.dcd_set_address
                0x10004da8       0x14 CMakeFiles/pico_mqtt.dir/C_/pico/pico-sdk/lib/tinyusb/src/portable/raspberrypi/rp2040/dcd_rp2040.c.obj
                0x10004da8                dcd_set_address
 .text.dcd_sof_enable
                0x10004dbc       0x1c CMakeFiles/pico_mqtt.dir/C_/pico/pico-sdk/lib/tinyusb/src/portable/raspberrypi/rp2040/dcd_rp2040.c.obj
                0x10004dbc                dcd_sof_enable
 .text.dcd_edpt0_status_complete
                0x10004dd8       0x1c CMakeFiles/pico_mqtt.dir/C_/pico/pico-sdk/lib/tinyusb/src/portable/raspberrypi/rp2040/dcd_rp2040.c.obj
                0x10004dd8                dcd_edpt0_status_complete
 .text.dcd_edpt_open
                0x10004df4      0x114 CMakeFiles/pico_mqtt.dir/C_/pico/pico-sdk/lib/tinyusb/src/portable/raspberrypi/rp2040/dcd_rp2040.c.obj
                0x10004df4                dcd_edpt_open
 .text.dcd_edpt_close_all
                0x10004f08        0x8 CMakeFiles/pico_mqtt.dir/C_/pico/pico-sdk/lib/tinyusb/src/portable/raspberrypi/rp2040/dcd_rp2040.c.obj
                0x10004f08                dcd_edpt_close_all
 .text.dcd_edpt_xfer
                0x10004f10       0x24 CMakeFiles/pico_mqtt.dir/C_/pico/pico-sdk/lib/tinyusb/src/portable/raspberrypi/rp2040/dcd_rp2040.c.obj
                0x10004f10                dcd_edpt_xfer
 .text.dcd_edpt_stall
                0x10004f34       0x3c CMakeFiles/pico_mqtt.dir/C_/pico/pico-sdk/lib/tinyusb/src/portable/raspberrypi/rp2040/dcd_rp2040.c.obj
                0x10004f34                dcd_edpt_stall
 .text.dcd_edpt_clear_stall
                0x10004f70       0x30 CMakeFiles/pico_mqtt.dir/C_/pico/pico-sdk/lib/tinyusb/src/portable/raspberrypi/rp2040/dcd_rp2040.c.obj
                0x10004f70                dcd_edpt_clear_stall
 .text.rp2040_usb_init
                0x10004fa0       0x40 CMakeFiles/pico_mqtt.dir/C_/pico/pico-sdk/lib/tinyusb/src/portable/raspberrypi/rp2040/rp2040_usb.c.obj
                0x10004fa0                rp2040_usb_init
 .text.hw_endpoint_xfer_start
                0x10004fe0       0x40 CMakeFiles/pico_mqtt.dir/C_/pico/pico-sdk/lib/tinyusb/src/portable/raspberrypi/rp2040/rp2040_usb.c.obj
                0x10004fe0                hw_endpoint_xfer_start
 .text.tud_event_hook_cb
                0x10005020        0x4 CMakeFiles/pico_mqtt.dir/C_/pico/pico-sdk/lib/tinyusb/src/device/usbd.c.obj
                0x10005020                tud_event_hook_cb
 .text.tud_sof_cb
                0x10005024        0x4 CMakeFiles/pico_mqtt.dir/C_/pico/pico-sdk/lib/tinyusb/src/device/usbd.c.obj
                0x10005024                tud_sof_cb
 .text.tud_descriptor_device_qualifier_cb
                0x10005028        0x4 CMakeFiles/pico_mqtt.dir/C_/pico/pico-sdk/lib/tinyusb/src/device/usbd.c.obj
                0x10005028                tud_descriptor_device_qualifier_cb
 .text.tud_descriptor_other_speed_configuration_cb
                0x1000502c        0x4 CMakeFiles/pico_mqtt.dir/C_/pico/pico-sdk/lib/tinyusb/src/device/usbd.c.obj
                0x1000502c                tud_descriptor_other_speed_configuration_cb
 .text.tud_mount_cb
                0x10005030        0x4 CMakeFiles/pico_mqtt.dir/C_/pico/pico-sdk/lib/tinyusb/src/device/usbd.c.obj
                0x10005030                tud_mount_cb
 .text.tud_umount_cb
                0x10005034        0x4 CMakeFiles/pico_mqtt.dir/C_/pico/pico-sdk/lib/tinyusb/src/device/usbd.c.obj
                0x10005034                tud_umount_cb
 .text.tud_suspend_cb
                0x10005038        0x4 CMakeFiles/pico_mqtt.dir/C_/pico/pico-sdk/lib/tinyusb/src/device/usbd.c.obj
                0x10005038                tud_suspend_cb
 .text.tud_resume_cb
                0x1000503c        0x4 CMakeFiles/pico_mqtt.dir/C_/pico/pico-sdk/lib/tinyusb/src/device/usbd.c.obj
                0x1000503c                tud_resume_cb
 .text.tud_mounted
                0x10005040       0x10 CMakeFiles/pico_mqtt.dir/C_/pico/pico-sdk/lib/tinyusb/src/device/usbd.c.obj
                0x10005040                tud_mounted
 .text.tud_suspended
                0x10005050       0x10 CMakeFiles/pico_mqtt.dir/C_/pico/pico-sdk/lib/tinyusb/src/device/usbd.c.obj
                0x10005050                tud_suspended
 .text.tud_rhport_init
                0x10005060       0xf0 CMakeFiles/pico_mqtt.dir/C_/pico/pico-sdk/lib/tinyusb/src/device/usbd.c.obj
                0x10005060                tud_rhport_init
 .text.tud_task_ext
                0x10005150      0x7fc CMakeFiles/pico_mqtt.dir/C_/pico/pico-sdk/lib/tinyusb/src/device/usbd.c.obj
                0x10005150                tud_task_ext
 .text.usbd_open_edpt_pair
                0x1000594c       0x98 CMakeFiles/pico_mqtt.dir/C_/pico/pico-sdk/lib/tinyusb/src/device/usbd.c.obj
                0x1000594c                usbd_open_edpt_pair
 .text.usbd_edpt_open
                0x100059e4       0x34 CMakeFiles/pico_mqtt.dir/C_/pico/pico-sdk/lib/tinyusb/src/device/usbd.c.obj
                0x100059e4                usbd_edpt_open
 .text.usbd_edpt_claim
                0x10005a18       0x28 CMakeFiles/pico_mqtt.dir/C_/pico/pico-sdk/lib/tinyusb/src/device/usbd.c.obj
                0x10005a18                usbd_edpt_claim
 .text.usbd_edpt_release
                0x10005a40       0x28 CMakeFiles/pico_mqtt.dir/C_/pico/pico-sdk/lib/tinyusb/src/device/usbd.c.obj
                0x10005a40                usbd_edpt_release
 .text.usbd_edpt_xfer
                0x10005a68       0x50 CMakeFiles/pico_mqtt.dir/C_/pico/pico-sdk/lib/tinyusb/src/device/usbd.c.obj
                0x10005a68                usbd_edpt_xfer
 .text.tud_control_status
                0x10005ab8       0x2c CMakeFiles/pico_mqtt.dir/C_/pico/pico-sdk/lib/tinyusb/src/device/usbd_control.c.obj
                0x10005ab8                tud_control_status
 .text.tud_control_xfer
                0x10005ae4       0xa0 CMakeFiles/pico_mqtt.dir/C_/pico/pico-sdk/lib/tinyusb/src/device/usbd_control.c.obj
                0x10005ae4                tud_control_xfer
 .text.usbd_control_reset
                0x10005b84       0x14 CMakeFiles/pico_mqtt.dir/C_/pico/pico-sdk/lib/tinyusb/src/device/usbd_control.c.obj
                0x10005b84                usbd_control_reset
 .text.usbd_control_set_complete_callback
                0x10005b98        0xc CMakeFiles/pico_mqtt.dir/C_/pico/pico-sdk/lib/tinyusb/src/device/usbd_control.c.obj
                0x10005b98                usbd_control_set_complete_callback
 .text.usbd_control_set_request
                0x10005ba4       0x1c CMakeFiles/pico_mqtt.dir/C_/pico/pico-sdk/lib/tinyusb/src/device/usbd_control.c.obj
                0x10005ba4                usbd_control_set_request
 .text.usbd_control_xfer_cb
                0x10005bc0       0xe8 CMakeFiles/pico_mqtt.dir/C_/pico/pico-sdk/lib/tinyusb/src/device/usbd_control.c.obj
                0x10005bc0                usbd_control_xfer_cb
 .text._prep_out_transaction.isra.0
                0x10005ca8       0x6c CMakeFiles/pico_mqtt.dir/C_/pico/pico-sdk/lib/tinyusb/src/class/cdc/cdc_device.c.obj
 .text.tud_cdc_n_connected
                0x10005d14       0x2c CMakeFiles/pico_mqtt.dir/C_/pico/pico-sdk/lib/tinyusb/src/class/cdc/cdc_device.c.obj
                0x10005d14                tud_cdc_n_connected
 .text.tud_cdc_n_available
                0x10005d40       0x14 CMakeFiles/pico_mqtt.dir/C_/pico/pico-sdk/lib/tinyusb/src/class/cdc/cdc_device.c.obj
                0x10005d40                tud_cdc_n_available
 .text.tud_cdc_n_read
                0x10005d54       0x88 CMakeFiles/pico_mqtt.dir/C_/pico/pico-sdk/lib/tinyusb/src/class/cdc/cdc_device.c.obj
                0x10005d54                tud_cdc_n_read
 .text.tud_cdc_n_write_flush
                0x10005ddc       0x78 CMakeFiles/pico_mqtt.dir/C_/pico/pico-sdk/lib/tinyusb/src/class/cdc/cdc_device.c.obj
                0x10005ddc                tud_cdc_n_write_flush
 .text.tud_cdc_n_write
                0x10005e54       0x40 CMakeFiles/pico_mqtt.dir/C_/pico/pico-sdk/lib/tinyusb/src/class/cdc/cdc_device.c.obj
                0x10005e54                tud_cdc_n_write
 .text.tud_cdc_n_write_available
                0x10005e94       0x14 CMakeFiles/pico_mqtt.dir/C_/pico/pico-sdk/lib/tinyusb/src/class/cdc/cdc_device.c.obj
                0x10005e94                tud_cdc_n_write_available
 .text.cdcd_init
                0x10005ea8       0x70 CMakeFiles/pico_mqtt.dir/C_/pico/pico-sdk/lib/tinyusb/src/class/cdc/cdc_device.c.obj
                0x10005ea8                cdcd_init
 .text.cdcd_deinit
                0x10005f18       0x30 CMakeFiles/pico_mqtt.dir/C_/pico/pico-sdk/lib/tinyusb/src/class/cdc/cdc_device.c.obj
                0x10005f18                cdcd_deinit
 .text.cdcd_reset
                0x10005f48       0x48 CMakeFiles/pico_mqtt.dir/C_/pico/pico-sdk/lib/tinyusb/src/class/cdc/cdc_device.c.obj
                0x10005f48                cdcd_reset
 .text.cdcd_open
                0x10005f90       0xa8 CMakeFiles/pico_mqtt.dir/C_/pico/pico-sdk/lib/tinyusb/src/class/cdc/cdc_device.c.obj
                0x10005f90                cdcd_open
 .text.cdcd_control_xfer_cb
                0x10006038       0xf0 CMakeFiles/pico_mqtt.dir/C_/pico/pico-sdk/lib/tinyusb/src/class/cdc/cdc_device.c.obj
                0x10006038                cdcd_control_xfer_cb
 .text.cdcd_xfer_cb
                0x10006128       0xf8 CMakeFiles/pico_mqtt.dir/C_/pico/pico-sdk/lib/tinyusb/src/class/cdc/cdc_device.c.obj
                0x10006128                cdcd_xfer_cb
 .text.vendord_init
                0x10006220       0x5c CMakeFiles/pico_mqtt.dir/C_/pico/pico-sdk/lib/tinyusb/src/class/vendor/vendor_device.c.obj
                0x10006220                vendord_init
 .text.vendord_deinit
                0x1000627c       0x1c CMakeFiles/pico_mqtt.dir/C_/pico/pico-sdk/lib/tinyusb/src/class/vendor/vendor_device.c.obj
                0x1000627c                vendord_deinit
 .text.vendord_reset
                0x10006298       0x28 CMakeFiles/pico_mqtt.dir/C_/pico/pico-sdk/lib/tinyusb/src/class/vendor/vendor_device.c.obj
                0x10006298                vendord_reset
 .text.vendord_open
                0x100062c0      0x104 CMakeFiles/pico_mqtt.dir/C_/pico/pico-sdk/lib/tinyusb/src/class/vendor/vendor_device.c.obj
                0x100062c0                vendord_open
 .text.vendord_xfer_cb
                0x100063c4       0xa0 CMakeFiles/pico_mqtt.dir/C_/pico/pico-sdk/lib/tinyusb/src/class/vendor/vendor_device.c.obj
                0x100063c4                vendord_xfer_cb
 .text.tusb_rhport_init
                0x10006464       0x4c CMakeFiles/pico_mqtt.dir/C_/pico/pico-sdk/lib/tinyusb/src/tusb.c.obj
                0x10006464                tusb_rhport_init
 .text.tu_edpt_claim
                0x100064b0       0x50 CMakeFiles/pico_mqtt.dir/C_/pico/pico-sdk/lib/tinyusb/src/tusb.c.obj
                0x100064b0                tu_edpt_claim
 .text.tu_edpt_release
                0x10006500       0x38 CMakeFiles/pico_mqtt.dir/C_/pico/pico-sdk/lib/tinyusb/src/tusb.c.obj
                0x10006500                tu_edpt_release
 .text.tu_edpt_validate
                0x10006538       0x74 CMakeFiles/pico_mqtt.dir/C_/pico/pico-sdk/lib/tinyusb/src/tusb.c.obj
                0x10006538                tu_edpt_validate
 .text.tu_edpt_bind_driver
                0x100065ac       0x34 CMakeFiles/pico_mqtt.dir/C_/pico/pico-sdk/lib/tinyusb/src/tusb.c.obj
                0x100065ac                tu_edpt_bind_driver
 .text.tu_edpt_stream_init
                0x100065e0       0x68 CMakeFiles/pico_mqtt.dir/C_/pico/pico-sdk/lib/tinyusb/src/tusb.c.obj
                0x100065e0                tu_edpt_stream_init
 .text.tu_edpt_stream_deinit
                0x10006648        0x4 CMakeFiles/pico_mqtt.dir/C_/pico/pico-sdk/lib/tinyusb/src/tusb.c.obj
                0x10006648                tu_edpt_stream_deinit
 .text.tu_edpt_stream_write_zlp_if_needed
                0x1000664c       0x64 CMakeFiles/pico_mqtt.dir/C_/pico/pico-sdk/lib/tinyusb/src/tusb.c.obj
                0x1000664c                tu_edpt_stream_write_zlp_if_needed
 .text.tu_edpt_stream_write_xfer
                0x100066b0       0x6c CMakeFiles/pico_mqtt.dir/C_/pico/pico-sdk/lib/tinyusb/src/tusb.c.obj
                0x100066b0                tu_edpt_stream_write_xfer
 .text.tu_edpt_stream_read_xfer
                0x1000671c       0xd8 CMakeFiles/pico_mqtt.dir/C_/pico/pico-sdk/lib/tinyusb/src/tusb.c.obj
                0x1000671c                tu_edpt_stream_read_xfer
 .text.tu_fifo_config
                0x100067f4       0x6c CMakeFiles/pico_mqtt.dir/C_/pico/pico-sdk/lib/tinyusb/src/common/tusb_fifo.c.obj
                0x100067f4                tu_fifo_config
 .text.tu_fifo_count
                0x10006860       0x2c CMakeFiles/pico_mqtt.dir/C_/pico/pico-sdk/lib/tinyusb/src/common/tusb_fifo.c.obj
                0x10006860                tu_fifo_count
 .text.tu_fifo_empty
                0x1000688c       0x10 CMakeFiles/pico_mqtt.dir/C_/pico/pico-sdk/lib/tinyusb/src/common/tusb_fifo.c.obj
                0x1000688c                tu_fifo_empty
 .text.tu_fifo_remaining
                0x1000689c       0x2c CMakeFiles/pico_mqtt.dir/C_/pico/pico-sdk/lib/tinyusb/src/common/tusb_fifo.c.obj
                0x1000689c                tu_fifo_remaining
 .text.tu_fifo_read
                0x100068c8       0x9c CMakeFiles/pico_mqtt.dir/C_/pico/pico-sdk/lib/tinyusb/src/common/tusb_fifo.c.obj
                0x100068c8                tu_fifo_read
 .text.tu_fifo_read_n
                0x10006964       0xec CMakeFiles/pico_mqtt.dir/C_/pico/pico-sdk/lib/tinyusb/src/common/tusb_fifo.c.obj
                0x10006964                tu_fifo_read_n
 .text.tu_fifo_write
                0x10006a50       0xa4 CMakeFiles/pico_mqtt.dir/C_/pico/pico-sdk/lib/tinyusb/src/common/tusb_fifo.c.obj
                0x10006a50                tu_fifo_write
 .text.tu_fifo_write_n
                0x10006af4      0x168 CMakeFiles/pico_mqtt.dir/C_/pico/pico-sdk/lib/tinyusb/src/common/tusb_fifo.c.obj
                0x10006af4                tu_fifo_write_n
 .text.tu_fifo_clear
                0x10006c5c       0x40 CMakeFiles/pico_mqtt.dir/C_/pico/pico-sdk/lib/tinyusb/src/common/tusb_fifo.c.obj
                0x10006c5c                tu_fifo_clear
 .text.tu_fifo_set_overwritable
                0x10006c9c       0x48 CMakeFiles/pico_mqtt.dir/C_/pico/pico-sdk/lib/tinyusb/src/common/tusb_fifo.c.obj
                0x10006c9c                tu_fifo_set_overwritable
 .text.adc_init
                0x10006ce4       0x38 CMakeFiles/pico_mqtt.dir/C_/pico/pico-sdk/src/rp2_common/hardware_adc/adc.c.obj
                0x10006ce4                adc_init
 .text.lwip_timeout_reached
                0x10006d1c        0x8 CMakeFiles/pico_mqtt.dir/C_/pico/pico-sdk/src/rp2_common/pico_lwip/lwip_nosys.c.obj
 .text.update_next_timeout
                0x10006d24       0x5c CMakeFiles/pico_mqtt.dir/C_/pico/pico-sdk/src/rp2_common/pico_lwip/lwip_nosys.c.obj
 .text.lwip_nosys_init
                0x10006d80       0x30 CMakeFiles/pico_mqtt.dir/C_/pico/pico-sdk/src/rp2_common/pico_lwip/lwip_nosys.c.obj
                0x10006d80                lwip_nosys_init
 .text.lwip_nosys_deinit
                0x10006db0       0x20 CMakeFiles/pico_mqtt.dir/C_/pico/pico-sdk/src/rp2_common/pico_lwip/lwip_nosys.c.obj
                0x10006db0                lwip_nosys_deinit
 .text.sys_arch_protect
                0x10006dd0        0x4 CMakeFiles/pico_mqtt.dir/C_/pico/pico-sdk/src/rp2_common/pico_lwip/lwip_nosys.c.obj
                0x10006dd0                sys_arch_protect
 .text.sys_arch_unprotect
                0x10006dd4        0x4 CMakeFiles/pico_mqtt.dir/C_/pico/pico-sdk/src/rp2_common/pico_lwip/lwip_nosys.c.obj
                0x10006dd4                sys_arch_unprotect
 .text.sys_now  0x10006dd8       0x20 CMakeFiles/pico_mqtt.dir/C_/pico/pico-sdk/src/rp2_common/pico_lwip/lwip_nosys.c.obj
                0x10006dd8                sys_now
 .text.async_context_base_add_at_time_worker
                0x10006df8       0x28 CMakeFiles/pico_mqtt.dir/C_/pico/pico-sdk/src/rp2_common/pico_async_context/async_context_base.c.obj
                0x10006df8                async_context_base_add_at_time_worker
 .text.async_context_base_remove_at_time_worker
                0x10006e20       0x24 CMakeFiles/pico_mqtt.dir/C_/pico/pico-sdk/src/rp2_common/pico_async_context/async_context_base.c.obj
                0x10006e20                async_context_base_remove_at_time_worker
 .text.async_context_base_add_when_pending_worker
                0x10006e44       0x24 CMakeFiles/pico_mqtt.dir/C_/pico/pico-sdk/src/rp2_common/pico_async_context/async_context_base.c.obj
                0x10006e44                async_context_base_add_when_pending_worker
 .text.async_context_base_remove_when_pending_worker
                0x10006e68       0x24 CMakeFiles/pico_mqtt.dir/C_/pico/pico-sdk/src/rp2_common/pico_async_context/async_context_base.c.obj
                0x10006e68                async_context_base_remove_when_pending_worker
 .text.async_context_base_execute_once
                0x10006e8c      0x10c CMakeFiles/pico_mqtt.dir/C_/pico/pico-sdk/src/rp2_common/pico_async_context/async_context_base.c.obj
                0x10006e8c                async_context_base_execute_once
 .text.splitmix64
                0x10006f98       0x58 CMakeFiles/pico_mqtt.dir/C_/pico/pico-sdk/src/rp2_common/pico_rand/rand.c.obj
 .text.xoroshiro128ss
                0x10006ff0       0x8c CMakeFiles/pico_mqtt.dir/C_/pico/pico-sdk/src/rp2_common/pico_rand/rand.c.obj
 .text.get_rand_64
                0x1000707c      0x490 CMakeFiles/pico_mqtt.dir/C_/pico/pico-sdk/src/rp2_common/pico_rand/rand.c.obj
                0x1000707c                get_rand_64
 .text.get_rand_32
                0x1000750c        0x8 CMakeFiles/pico_mqtt.dir/C_/pico/pico-sdk/src/rp2_common/pico_rand/rand.c.obj
                0x1000750c                get_rand_32
 .text.lwip_init
                0x10007514       0x24 CMakeFiles/pico_mqtt.dir/C_/pico/pico-sdk/lib/lwip/src/core/init.c.obj
                0x10007514                lwip_init
 .text.lwip_htons
                0x10007538        0x8 CMakeFiles/pico_mqtt.dir/C_/pico/pico-sdk/lib/lwip/src/core/def.c.obj
                0x10007538                lwip_htons
 .text.lwip_htonl
                0x10007540        0x4 CMakeFiles/pico_mqtt.dir/C_/pico/pico-sdk/lib/lwip/src/core/def.c.obj
                0x10007540                lwip_htonl
 .text.dns_call_found
                0x10007544      0x1bc CMakeFiles/pico_mqtt.dir/C_/pico/pico-sdk/lib/lwip/src/core/dns.c.obj
 .text.dns_send.isra.0
                0x10007700      0x164 CMakeFiles/pico_mqtt.dir/C_/pico/pico-sdk/lib/lwip/src/core/dns.c.obj
 .text.dns_init
                0x10007864        0x4 CMakeFiles/pico_mqtt.dir/C_/pico/pico-sdk/lib/lwip/src/core/dns.c.obj
                0x10007864                dns_init
 .text.dns_setserver
                0x10007868       0x24 CMakeFiles/pico_mqtt.dir/C_/pico/pico-sdk/lib/lwip/src/core/dns.c.obj
                0x10007868                dns_setserver
 .text.dns_tmr  0x1000788c      0x118 CMakeFiles/pico_mqtt.dir/C_/pico/pico-sdk/lib/lwip/src/core/dns.c.obj
                0x1000788c                dns_tmr
 .text.lwip_standard_chksum
                0x100079a4       0x80 CMakeFiles/pico_mqtt.dir/C_/pico/pico-sdk/lib/lwip/src/core/inet_chksum.c.obj
                0x100079a4                lwip_standard_chksum
 .text.inet_chksum_pseudo
                0x10007a24       0xb4 CMakeFiles/pico_mqtt.dir/C_/pico/pico-sdk/lib/lwip/src/core/inet_chksum.c.obj
                0x10007a24                inet_chksum_pseudo
 .text.ip_chksum_pseudo
                0x10007ad8       0x10 CMakeFiles/pico_mqtt.dir/C_/pico/pico-sdk/lib/lwip/src/core/inet_chksum.c.obj
                0x10007ad8                ip_chksum_pseudo
 .text.inet_chksum
                0x10007ae8       0x84 CMakeFiles/pico_mqtt.dir/C_/pico/pico-sdk/lib/lwip/src/core/inet_chksum.c.obj
                0x10007ae8                inet_chksum
 .text.inet_chksum_pbuf
                0x10007b6c       0x70 CMakeFiles/pico_mqtt.dir/C_/pico/pico-sdk/lib/lwip/src/core/inet_chksum.c.obj
                0x10007b6c                inet_chksum_pbuf
 .text.mem_init
                0x10007bdc       0x48 CMakeFiles/pico_mqtt.dir/C_/pico/pico-sdk/lib/lwip/src/core/mem.c.obj
                0x10007bdc                mem_init
 .text.mem_free
                0x10007c24      0x148 CMakeFiles/pico_mqtt.dir/C_/pico/pico-sdk/lib/lwip/src/core/mem.c.obj
                0x10007c24                mem_free
 .text.mem_trim
                0x10007d6c      0x158 CMakeFiles/pico_mqtt.dir/C_/pico/pico-sdk/lib/lwip/src/core/mem.c.obj
                0x10007d6c                mem_trim
 .text.mem_malloc
                0x10007ec4      0x164 CMakeFiles/pico_mqtt.dir/C_/pico/pico-sdk/lib/lwip/src/core/mem.c.obj
                0x10007ec4                mem_malloc
 .text.mem_calloc
                0x10008028       0x28 CMakeFiles/pico_mqtt.dir/C_/pico/pico-sdk/lib/lwip/src/core/mem.c.obj
                0x10008028                mem_calloc
 .text.memp_init
                0x10008050       0x8c CMakeFiles/pico_mqtt.dir/C_/pico/pico-sdk/lib/lwip/src/core/memp.c.obj
                0x10008050                memp_init
 .text.memp_malloc
                0x100080dc       0x5c CMakeFiles/pico_mqtt.dir/C_/pico/pico-sdk/lib/lwip/src/core/memp.c.obj
                0x100080dc                memp_malloc
 .text.memp_free
                0x10008138       0x40 CMakeFiles/pico_mqtt.dir/C_/pico/pico-sdk/lib/lwip/src/core/memp.c.obj
                0x10008138                memp_free
 .text.netif_null_output_ip4
                0x10008178        0x8 CMakeFiles/pico_mqtt.dir/C_/pico/pico-sdk/lib/lwip/src/core/netif.c.obj
 .text.netif_init
                0x10008180        0x4 CMakeFiles/pico_mqtt.dir/C_/pico/pico-sdk/lib/lwip/src/core/netif.c.obj
                0x10008180                netif_init
 .text.netif_set_addr
                0x10008184       0xac CMakeFiles/pico_mqtt.dir/C_/pico/pico-sdk/lib/lwip/src/core/netif.c.obj
                0x10008184                netif_set_addr
 .text.netif_add
                0x10008230      0x120 CMakeFiles/pico_mqtt.dir/C_/pico/pico-sdk/lib/lwip/src/core/netif.c.obj
                0x10008230                netif_add
 .text.netif_remove
                0x10008350       0x7c CMakeFiles/pico_mqtt.dir/C_/pico/pico-sdk/lib/lwip/src/core/netif.c.obj
                0x10008350                netif_remove
 .text.netif_set_default
                0x100083cc        0xc CMakeFiles/pico_mqtt.dir/C_/pico/pico-sdk/lib/lwip/src/core/netif.c.obj
                0x100083cc                netif_set_default
 .text.netif_set_up
                0x100083d8       0x14 CMakeFiles/pico_mqtt.dir/C_/pico/pico-sdk/lib/lwip/src/core/netif.c.obj
                0x100083d8                netif_set_up
 .text.netif_set_link_up
                0x100083ec       0x1c CMakeFiles/pico_mqtt.dir/C_/pico/pico-sdk/lib/lwip/src/core/netif.c.obj
                0x100083ec                netif_set_link_up
 .text.netif_set_link_down
                0x10008408       0x1c CMakeFiles/pico_mqtt.dir/C_/pico/pico-sdk/lib/lwip/src/core/netif.c.obj
                0x10008408                netif_set_link_down
 .text.netif_get_by_index
                0x10008424       0x2c CMakeFiles/pico_mqtt.dir/C_/pico/pico-sdk/lib/lwip/src/core/netif.c.obj
                0x10008424                netif_get_by_index
 .text.pbuf_free.part.0
                0x10008450       0xa4 CMakeFiles/pico_mqtt.dir/C_/pico/pico-sdk/lib/lwip/src/core/pbuf.c.obj
 .text.pbuf_free_ooseq
                0x100084f4       0x34 CMakeFiles/pico_mqtt.dir/C_/pico/pico-sdk/lib/lwip/src/core/pbuf.c.obj
                0x100084f4                pbuf_free_ooseq
 .text.pbuf_alloc
                0x10008528      0x120 CMakeFiles/pico_mqtt.dir/C_/pico/pico-sdk/lib/lwip/src/core/pbuf.c.obj
                0x10008528                pbuf_alloc
 .text.pbuf_alloced_custom
                0x10008648       0x3c CMakeFiles/pico_mqtt.dir/C_/pico/pico-sdk/lib/lwip/src/core/pbuf.c.obj
                0x10008648                pbuf_alloced_custom
 .text.pbuf_realloc
                0x10008684       0x8c CMakeFiles/pico_mqtt.dir/C_/pico/pico-sdk/lib/lwip/src/core/pbuf.c.obj
                0x10008684                pbuf_realloc
 .text.pbuf_add_header
                0x10008710       0x60 CMakeFiles/pico_mqtt.dir/C_/pico/pico-sdk/lib/lwip/src/core/pbuf.c.obj
                0x10008710                pbuf_add_header
 .text.pbuf_remove_header
                0x10008770       0x3c CMakeFiles/pico_mqtt.dir/C_/pico/pico-sdk/lib/lwip/src/core/pbuf.c.obj
                0x10008770                pbuf_remove_header
 .text.pbuf_header_force
                0x100087ac       0x6c CMakeFiles/pico_mqtt.dir/C_/pico/pico-sdk/lib/lwip/src/core/pbuf.c.obj
                0x100087ac                pbuf_header_force
 .text.pbuf_free
                0x10008818       0x18 CMakeFiles/pico_mqtt.dir/C_/pico/pico-sdk/lib/lwip/src/core/pbuf.c.obj
                0x10008818                pbuf_free
 .text.pbuf_clen
                0x10008830       0x14 CMakeFiles/pico_mqtt.dir/C_/pico/pico-sdk/lib/lwip/src/core/pbuf.c.obj
                0x10008830                pbuf_clen
 .text.pbuf_ref
                0x10008844       0x28 CMakeFiles/pico_mqtt.dir/C_/pico/pico-sdk/lib/lwip/src/core/pbuf.c.obj
                0x10008844                pbuf_ref
 .text.pbuf_cat
                0x1000886c       0x54 CMakeFiles/pico_mqtt.dir/C_/pico/pico-sdk/lib/lwip/src/core/pbuf.c.obj
                0x1000886c                pbuf_cat
 .text.pbuf_chain
                0x100088c0       0x70 CMakeFiles/pico_mqtt.dir/C_/pico/pico-sdk/lib/lwip/src/core/pbuf.c.obj
                0x100088c0                pbuf_chain
 .text.pbuf_copy_partial_pbuf
                0x10008930      0x158 CMakeFiles/pico_mqtt.dir/C_/pico/pico-sdk/lib/lwip/src/core/pbuf.c.obj
                0x10008930                pbuf_copy_partial_pbuf
 .text.pbuf_copy
                0x10008a88       0x18 CMakeFiles/pico_mqtt.dir/C_/pico/pico-sdk/lib/lwip/src/core/pbuf.c.obj
                0x10008a88                pbuf_copy
 .text.pbuf_copy_partial
                0x10008aa0       0x70 CMakeFiles/pico_mqtt.dir/C_/pico/pico-sdk/lib/lwip/src/core/pbuf.c.obj
                0x10008aa0                pbuf_copy_partial
 .text.pbuf_get_contiguous
                0x10008b10       0xb4 CMakeFiles/pico_mqtt.dir/C_/pico/pico-sdk/lib/lwip/src/core/pbuf.c.obj
                0x10008b10                pbuf_get_contiguous
 .text.pbuf_take
                0x10008bc4       0x78 CMakeFiles/pico_mqtt.dir/C_/pico/pico-sdk/lib/lwip/src/core/pbuf.c.obj
                0x10008bc4                pbuf_take
 .text.pbuf_take_at
                0x10008c3c       0xc0 CMakeFiles/pico_mqtt.dir/C_/pico/pico-sdk/lib/lwip/src/core/pbuf.c.obj
                0x10008c3c                pbuf_take_at
 .text.pbuf_clone
                0x10008cfc       0x30 CMakeFiles/pico_mqtt.dir/C_/pico/pico-sdk/lib/lwip/src/core/pbuf.c.obj
                0x10008cfc                pbuf_clone
 .text.pbuf_get_at
                0x10008d2c       0x1c CMakeFiles/pico_mqtt.dir/C_/pico/pico-sdk/lib/lwip/src/core/pbuf.c.obj
                0x10008d2c                pbuf_get_at
 .text.pbuf_put_at
                0x10008d48       0x1c CMakeFiles/pico_mqtt.dir/C_/pico/pico-sdk/lib/lwip/src/core/pbuf.c.obj
                0x10008d48                pbuf_put_at
 .text.stats_init
                0x10008d64        0x4 CMakeFiles/pico_mqtt.dir/C_/pico/pico-sdk/lib/lwip/src/core/stats.c.obj
                0x10008d64                stats_init
 .text.tcp_close_shutdown_fin
                0x10008d68       0x54 CMakeFiles/pico_mqtt.dir/C_/pico/pico-sdk/lib/lwip/src/core/tcp.c.obj
 .text.tcp_pcb_purge.part.0
                0x10008dbc       0xc4 CMakeFiles/pico_mqtt.dir/C_/pico/pico-sdk/lib/lwip/src/core/tcp.c.obj
 .text.tcp_init
                0x10008e80       0x1c CMakeFiles/pico_mqtt.dir/C_/pico/pico-sdk/lib/lwip/src/core/tcp.c.obj
                0x10008e80                tcp_init
 .text.tcp_free
                0x10008e9c       0x1c CMakeFiles/pico_mqtt.dir/C_/pico/pico-sdk/lib/lwip/src/core/tcp.c.obj
                0x10008e9c                tcp_free
 .text.tcp_bind
                0x10008eb8       0xf8 CMakeFiles/pico_mqtt.dir/C_/pico/pico-sdk/lib/lwip/src/core/tcp.c.obj
                0x10008eb8                tcp_bind
 .text.tcp_update_rcv_ann_wnd
                0x10008fb0       0x60 CMakeFiles/pico_mqtt.dir/C_/pico/pico-sdk/lib/lwip/src/core/tcp.c.obj
                0x10008fb0                tcp_update_rcv_ann_wnd
 .text.tcp_recved
                0x10009010       0x9c CMakeFiles/pico_mqtt.dir/C_/pico/pico-sdk/lib/lwip/src/core/tcp.c.obj
                0x10009010                tcp_recved
 .text.tcp_connect
                0x100090ac      0x1b0 CMakeFiles/pico_mqtt.dir/C_/pico/pico-sdk/lib/lwip/src/core/tcp.c.obj
                0x100090ac                tcp_connect
 .text.tcp_slowtmr
                0x1000925c      0x508 CMakeFiles/pico_mqtt.dir/C_/pico/pico-sdk/lib/lwip/src/core/tcp.c.obj
                0x1000925c                tcp_slowtmr
 .text.tcp_segs_free
                0x10009764       0x38 CMakeFiles/pico_mqtt.dir/C_/pico/pico-sdk/lib/lwip/src/core/tcp.c.obj
                0x10009764                tcp_segs_free
 .text.tcp_seg_free
                0x1000979c       0x1c CMakeFiles/pico_mqtt.dir/C_/pico/pico-sdk/lib/lwip/src/core/tcp.c.obj
                0x1000979c                tcp_seg_free
 .text.tcp_seg_copy
                0x100097b8       0x2c CMakeFiles/pico_mqtt.dir/C_/pico/pico-sdk/lib/lwip/src/core/tcp.c.obj
                0x100097b8                tcp_seg_copy
 .text.tcp_arg  0x100097e4        0x8 CMakeFiles/pico_mqtt.dir/C_/pico/pico-sdk/lib/lwip/src/core/tcp.c.obj
                0x100097e4                tcp_arg
 .text.tcp_recv
                0x100097ec       0x1c CMakeFiles/pico_mqtt.dir/C_/pico/pico-sdk/lib/lwip/src/core/tcp.c.obj
                0x100097ec                tcp_recv
 .text.tcp_sent
                0x10009808       0x1c CMakeFiles/pico_mqtt.dir/C_/pico/pico-sdk/lib/lwip/src/core/tcp.c.obj
                0x10009808                tcp_sent
 .text.tcp_err  0x10009824       0x1c CMakeFiles/pico_mqtt.dir/C_/pico/pico-sdk/lib/lwip/src/core/tcp.c.obj
                0x10009824                tcp_err
 .text.tcp_poll
                0x10009840       0x20 CMakeFiles/pico_mqtt.dir/C_/pico/pico-sdk/lib/lwip/src/core/tcp.c.obj
                0x10009840                tcp_poll
 .text.tcp_pcb_purge
                0x10009860       0x18 CMakeFiles/pico_mqtt.dir/C_/pico/pico-sdk/lib/lwip/src/core/tcp.c.obj
                0x10009860                tcp_pcb_purge
 .text.tcp_pcb_remove
                0x10009878       0xc8 CMakeFiles/pico_mqtt.dir/C_/pico/pico-sdk/lib/lwip/src/core/tcp.c.obj
                0x10009878                tcp_pcb_remove
 .text.tcp_abandon
                0x10009940      0x1a0 CMakeFiles/pico_mqtt.dir/C_/pico/pico-sdk/lib/lwip/src/core/tcp.c.obj
                0x10009940                tcp_abandon
 .text.tcp_abort
                0x10009ae0        0xc CMakeFiles/pico_mqtt.dir/C_/pico/pico-sdk/lib/lwip/src/core/tcp.c.obj
                0x10009ae0                tcp_abort
 .text.tcp_alloc
                0x10009aec      0x1f0 CMakeFiles/pico_mqtt.dir/C_/pico/pico-sdk/lib/lwip/src/core/tcp.c.obj
                0x10009aec                tcp_alloc
 .text.tcp_new_ip_type
                0x10009cdc        0xc CMakeFiles/pico_mqtt.dir/C_/pico/pico-sdk/lib/lwip/src/core/tcp.c.obj
                0x10009cdc                tcp_new_ip_type
 .text.tcp_close_shutdown
                0x10009ce8      0x188 CMakeFiles/pico_mqtt.dir/C_/pico/pico-sdk/lib/lwip/src/core/tcp.c.obj
 .text.tcp_recv_null
                0x10009e70       0xd0 CMakeFiles/pico_mqtt.dir/C_/pico/pico-sdk/lib/lwip/src/core/tcp.c.obj
                0x10009e70                tcp_recv_null
 .text.tcp_process_refused_data
                0x10009f40       0x78 CMakeFiles/pico_mqtt.dir/C_/pico/pico-sdk/lib/lwip/src/core/tcp.c.obj
                0x10009f40                tcp_process_refused_data
 .text.tcp_fasttmr
                0x10009fb8       0x98 CMakeFiles/pico_mqtt.dir/C_/pico/pico-sdk/lib/lwip/src/core/tcp.c.obj
                0x10009fb8                tcp_fasttmr
 .text.tcp_tmr  0x1000a050       0x20 CMakeFiles/pico_mqtt.dir/C_/pico/pico-sdk/lib/lwip/src/core/tcp.c.obj
                0x1000a050                tcp_tmr
 .text.tcp_close
                0x1000a070      0x170 CMakeFiles/pico_mqtt.dir/C_/pico/pico-sdk/lib/lwip/src/core/tcp.c.obj
                0x1000a070                tcp_close
 .text.tcp_next_iss
                0x1000a1e0       0x28 CMakeFiles/pico_mqtt.dir/C_/pico/pico-sdk/lib/lwip/src/core/tcp.c.obj
                0x1000a1e0                tcp_next_iss
 .text.tcp_eff_send_mss_netif
                0x1000a208       0x34 CMakeFiles/pico_mqtt.dir/C_/pico/pico-sdk/lib/lwip/src/core/tcp.c.obj
                0x1000a208                tcp_eff_send_mss_netif
 .text.tcp_netif_ip_addr_changed
                0x1000a23c       0x94 CMakeFiles/pico_mqtt.dir/C_/pico/pico-sdk/lib/lwip/src/core/tcp.c.obj
                0x1000a23c                tcp_netif_ip_addr_changed
 .text.tcp_free_ooseq
                0x1000a2d0       0x40 CMakeFiles/pico_mqtt.dir/C_/pico/pico-sdk/lib/lwip/src/core/tcp.c.obj
                0x1000a2d0                tcp_free_ooseq
 .text.tcp_parseopt
                0x1000a310      0x1c0 CMakeFiles/pico_mqtt.dir/C_/pico/pico-sdk/lib/lwip/src/core/tcp_in.c.obj
 .text.tcp_oos_insert_segment
                0x1000a4d0       0xb8 CMakeFiles/pico_mqtt.dir/C_/pico/pico-sdk/lib/lwip/src/core/tcp_in.c.obj
 .text.tcp_free_acked_segments.isra.0
                0x1000a588       0xd8 CMakeFiles/pico_mqtt.dir/C_/pico/pico-sdk/lib/lwip/src/core/tcp_in.c.obj
 .text.tcp_receive
                0x1000a660      0x9b4 CMakeFiles/pico_mqtt.dir/C_/pico/pico-sdk/lib/lwip/src/core/tcp_in.c.obj
 .text.tcp_input
                0x1000b014      0xdf8 CMakeFiles/pico_mqtt.dir/C_/pico/pico-sdk/lib/lwip/src/core/tcp_in.c.obj
                0x1000b014                tcp_input
 .text.tcp_trigger_input_pcb_close
                0x1000be0c       0x10 CMakeFiles/pico_mqtt.dir/C_/pico/pico-sdk/lib/lwip/src/core/tcp_in.c.obj
                0x1000be0c                tcp_trigger_input_pcb_close
 .text.tcp_create_segment
                0x1000be1c       0xec CMakeFiles/pico_mqtt.dir/C_/pico/pico-sdk/lib/lwip/src/core/tcp_out.c.obj
 .text.tcp_output_control_segment
                0x1000bf08       0xb0 CMakeFiles/pico_mqtt.dir/C_/pico/pico-sdk/lib/lwip/src/core/tcp_out.c.obj
 .text.tcp_write
                0x1000bfb8      0x900 CMakeFiles/pico_mqtt.dir/C_/pico/pico-sdk/lib/lwip/src/core/tcp_out.c.obj
                0x1000bfb8                tcp_write
 .text.tcp_split_unsent_seg
                0x1000c8b8      0x1ac CMakeFiles/pico_mqtt.dir/C_/pico/pico-sdk/lib/lwip/src/core/tcp_out.c.obj
                0x1000c8b8                tcp_split_unsent_seg
 .text.tcp_send_fin
                0x1000ca64      0x118 CMakeFiles/pico_mqtt.dir/C_/pico/pico-sdk/lib/lwip/src/core/tcp_out.c.obj
                0x1000ca64                tcp_send_fin
 .text.tcp_enqueue_flags
                0x1000cb7c      0x120 CMakeFiles/pico_mqtt.dir/C_/pico/pico-sdk/lib/lwip/src/core/tcp_out.c.obj
                0x1000cb7c                tcp_enqueue_flags
 .text.tcp_rexmit_rto_prepare
                0x1000cc9c       0x9c CMakeFiles/pico_mqtt.dir/C_/pico/pico-sdk/lib/lwip/src/core/tcp_out.c.obj
                0x1000cc9c                tcp_rexmit_rto_prepare
 .text.tcp_rexmit
                0x1000cd38       0x9c CMakeFiles/pico_mqtt.dir/C_/pico/pico-sdk/lib/lwip/src/core/tcp_out.c.obj
                0x1000cd38                tcp_rexmit
 .text.tcp_rexmit_fast
                0x1000cdd4       0x60 CMakeFiles/pico_mqtt.dir/C_/pico/pico-sdk/lib/lwip/src/core/tcp_out.c.obj
                0x1000cdd4                tcp_rexmit_fast
 .text.tcp_rst  0x1000ce34       0xe8 CMakeFiles/pico_mqtt.dir/C_/pico/pico-sdk/lib/lwip/src/core/tcp_out.c.obj
                0x1000ce34                tcp_rst
 .text.tcp_rst_netif
                0x1000cf1c      0x128 CMakeFiles/pico_mqtt.dir/C_/pico/pico-sdk/lib/lwip/src/core/tcp_out.c.obj
                0x1000cf1c                tcp_rst_netif
 .text.tcp_send_empty_ack
                0x1000d044       0xf4 CMakeFiles/pico_mqtt.dir/C_/pico/pico-sdk/lib/lwip/src/core/tcp_out.c.obj
                0x1000d044                tcp_send_empty_ack
 .text.tcp_output
                0x1000d138      0x43c CMakeFiles/pico_mqtt.dir/C_/pico/pico-sdk/lib/lwip/src/core/tcp_out.c.obj
                0x1000d138                tcp_output
 .text.tcp_rexmit_rto_commit
                0x1000d574       0x24 CMakeFiles/pico_mqtt.dir/C_/pico/pico-sdk/lib/lwip/src/core/tcp_out.c.obj
                0x1000d574                tcp_rexmit_rto_commit
 .text.tcp_rexmit_rto
                0x1000d598       0xa4 CMakeFiles/pico_mqtt.dir/C_/pico/pico-sdk/lib/lwip/src/core/tcp_out.c.obj
                0x1000d598                tcp_rexmit_rto
 .text.tcp_keepalive
                0x1000d63c       0xdc CMakeFiles/pico_mqtt.dir/C_/pico/pico-sdk/lib/lwip/src/core/tcp_out.c.obj
                0x1000d63c                tcp_keepalive
 .text.tcp_zero_window_probe
                0x1000d718      0x198 CMakeFiles/pico_mqtt.dir/C_/pico/pico-sdk/lib/lwip/src/core/tcp_out.c.obj
                0x1000d718                tcp_zero_window_probe
 .text.tcpip_tcp_timer
                0x1000d8b0       0x7c CMakeFiles/pico_mqtt.dir/C_/pico/pico-sdk/lib/lwip/src/core/timeouts.c.obj
 .text.lwip_cyclic_timer
                0x1000d92c       0xa8 CMakeFiles/pico_mqtt.dir/C_/pico/pico-sdk/lib/lwip/src/core/timeouts.c.obj
 .text.tcp_timer_needed
                0x1000d9d4       0x80 CMakeFiles/pico_mqtt.dir/C_/pico/pico-sdk/lib/lwip/src/core/timeouts.c.obj
                0x1000d9d4                tcp_timer_needed
 .text.sys_timeouts_init
                0x1000da54       0x94 CMakeFiles/pico_mqtt.dir/C_/pico/pico-sdk/lib/lwip/src/core/timeouts.c.obj
                0x1000da54                sys_timeouts_init
 .text.sys_timeout
                0x1000dae8       0x64 CMakeFiles/pico_mqtt.dir/C_/pico/pico-sdk/lib/lwip/src/core/timeouts.c.obj
                0x1000dae8                sys_timeout
 .text.sys_untimeout
                0x1000db4c       0x44 CMakeFiles/pico_mqtt.dir/C_/pico/pico-sdk/lib/lwip/src/core/timeouts.c.obj
                0x1000db4c                sys_untimeout
 .text.sys_check_timeouts
                0x1000db90       0x68 CMakeFiles/pico_mqtt.dir/C_/pico/pico-sdk/lib/lwip/src/core/timeouts.c.obj
                0x1000db90                sys_check_timeouts
 .text.sys_timeouts_sleeptime
                0x1000dbf8       0x28 CMakeFiles/pico_mqtt.dir/C_/pico/pico-sdk/lib/lwip/src/core/timeouts.c.obj
                0x1000dbf8                sys_timeouts_sleeptime
 .text.udp_init
                0x1000dc20       0x1c CMakeFiles/pico_mqtt.dir/C_/pico/pico-sdk/lib/lwip/src/core/udp.c.obj
                0x1000dc20                udp_init
 .text.udp_input
                0x1000dc3c      0x304 CMakeFiles/pico_mqtt.dir/C_/pico/pico-sdk/lib/lwip/src/core/udp.c.obj
                0x1000dc3c                udp_input
 .text.udp_bind
                0x1000df40       0xf0 CMakeFiles/pico_mqtt.dir/C_/pico/pico-sdk/lib/lwip/src/core/udp.c.obj
                0x1000df40                udp_bind
 .text.udp_sendto_if_src
                0x1000e030      0x130 CMakeFiles/pico_mqtt.dir/C_/pico/pico-sdk/lib/lwip/src/core/udp.c.obj
                0x1000e030                udp_sendto_if_src
 .text.udp_sendto_if
                0x1000e160       0x58 CMakeFiles/pico_mqtt.dir/C_/pico/pico-sdk/lib/lwip/src/core/udp.c.obj
                0x1000e160                udp_sendto_if
 .text.udp_sendto
                0x1000e1b8       0x78 CMakeFiles/pico_mqtt.dir/C_/pico/pico-sdk/lib/lwip/src/core/udp.c.obj
                0x1000e1b8                udp_sendto
 .text.udp_connect
                0x1000e230       0x5c CMakeFiles/pico_mqtt.dir/C_/pico/pico-sdk/lib/lwip/src/core/udp.c.obj
                0x1000e230                udp_connect
 .text.udp_recv
                0x1000e28c        0xc CMakeFiles/pico_mqtt.dir/C_/pico/pico-sdk/lib/lwip/src/core/udp.c.obj
                0x1000e28c                udp_recv
 .text.udp_remove
                0x1000e298       0x40 CMakeFiles/pico_mqtt.dir/C_/pico/pico-sdk/lib/lwip/src/core/udp.c.obj
                0x1000e298                udp_remove
 .text.udp_new  0x1000e2d8       0x1c CMakeFiles/pico_mqtt.dir/C_/pico/pico-sdk/lib/lwip/src/core/udp.c.obj
                0x1000e2d8                udp_new
 .text.udp_netif_ip_addr_changed
                0x1000e2f4       0x40 CMakeFiles/pico_mqtt.dir/C_/pico/pico-sdk/lib/lwip/src/core/udp.c.obj
                0x1000e2f4                udp_netif_ip_addr_changed
 .text.dhcp_create_msg
                0x1000e334      0x160 CMakeFiles/pico_mqtt.dir/C_/pico/pico-sdk/lib/lwip/src/core/ipv4/dhcp.c.obj
 .text.dhcp_bind
                0x1000e494      0x140 CMakeFiles/pico_mqtt.dir/C_/pico/pico-sdk/lib/lwip/src/core/ipv4/dhcp.c.obj
 .text.dhcp_inc_pcb_refcount
                0x1000e5d4       0x6c CMakeFiles/pico_mqtt.dir/C_/pico/pico-sdk/lib/lwip/src/core/ipv4/dhcp.c.obj
 .text.dhcp_handle_ack.isra.0
                0x1000e640       0xbc CMakeFiles/pico_mqtt.dir/C_/pico/pico-sdk/lib/lwip/src/core/ipv4/dhcp.c.obj
 .text.dhcp_discover.isra.0
                0x1000e6fc      0x124 CMakeFiles/pico_mqtt.dir/C_/pico/pico-sdk/lib/lwip/src/core/ipv4/dhcp.c.obj
 .text.dhcp_reboot.isra.0
                0x1000e820      0x168 CMakeFiles/pico_mqtt.dir/C_/pico/pico-sdk/lib/lwip/src/core/ipv4/dhcp.c.obj
 .text.dhcp_select.isra.0
                0x1000e988      0x1d0 CMakeFiles/pico_mqtt.dir/C_/pico/pico-sdk/lib/lwip/src/core/ipv4/dhcp.c.obj
 .text.dhcp_recv
                0x1000eb58      0x488 CMakeFiles/pico_mqtt.dir/C_/pico/pico-sdk/lib/lwip/src/core/ipv4/dhcp.c.obj
 .text.dhcp_conflict_callback
                0x1000efe0      0x124 CMakeFiles/pico_mqtt.dir/C_/pico/pico-sdk/lib/lwip/src/core/ipv4/dhcp.c.obj
 .text.dhcp_set_struct
                0x1000f104       0x44 CMakeFiles/pico_mqtt.dir/C_/pico/pico-sdk/lib/lwip/src/core/ipv4/dhcp.c.obj
                0x1000f104                dhcp_set_struct
 .text.dhcp_start
                0x1000f148       0xb8 CMakeFiles/pico_mqtt.dir/C_/pico/pico-sdk/lib/lwip/src/core/ipv4/dhcp.c.obj
                0x1000f148                dhcp_start
 .text.dhcp_network_changed_link_up
                0x1000f200       0x40 CMakeFiles/pico_mqtt.dir/C_/pico/pico-sdk/lib/lwip/src/core/ipv4/dhcp.c.obj
                0x1000f200                dhcp_network_changed_link_up
 .text.dhcp_renew
                0x1000f240      0x120 CMakeFiles/pico_mqtt.dir/C_/pico/pico-sdk/lib/lwip/src/core/ipv4/dhcp.c.obj
                0x1000f240                dhcp_renew
 .text.dhcp_release_and_stop
                0x1000f360      0x158 CMakeFiles/pico_mqtt.dir/C_/pico/pico-sdk/lib/lwip/src/core/ipv4/dhcp.c.obj
                0x1000f360                dhcp_release_and_stop
 .text.dhcp_coarse_tmr
                0x1000f4b8      0x1c4 CMakeFiles/pico_mqtt.dir/C_/pico/pico-sdk/lib/lwip/src/core/ipv4/dhcp.c.obj
                0x1000f4b8                dhcp_coarse_tmr
 .text.dhcp_fine_tmr
                0x1000f67c       0x78 CMakeFiles/pico_mqtt.dir/C_/pico/pico-sdk/lib/lwip/src/core/ipv4/dhcp.c.obj
                0x1000f67c                dhcp_fine_tmr
 .text.dhcp_stop
                0x1000f6f4        0x8 CMakeFiles/pico_mqtt.dir/C_/pico/pico-sdk/lib/lwip/src/core/ipv4/dhcp.c.obj
                0x1000f6f4                dhcp_stop
 .text.etharp_find_entry
                0x1000f6fc      0x3a0 CMakeFiles/pico_mqtt.dir/C_/pico/pico-sdk/lib/lwip/src/core/ipv4/etharp.c.obj
 .text.etharp_raw
                0x1000fa9c       0xec CMakeFiles/pico_mqtt.dir/C_/pico/pico-sdk/lib/lwip/src/core/ipv4/etharp.c.obj
 .text.etharp_output_to_arp_index
                0x1000fb88       0xc4 CMakeFiles/pico_mqtt.dir/C_/pico/pico-sdk/lib/lwip/src/core/ipv4/etharp.c.obj
 .text.etharp_tmr
                0x1000fc4c       0x88 CMakeFiles/pico_mqtt.dir/C_/pico/pico-sdk/lib/lwip/src/core/ipv4/etharp.c.obj
                0x1000fc4c                etharp_tmr
 .text.etharp_cleanup_netif
                0x1000fcd4      0x190 CMakeFiles/pico_mqtt.dir/C_/pico/pico-sdk/lib/lwip/src/core/ipv4/etharp.c.obj
                0x1000fcd4                etharp_cleanup_netif
 .text.etharp_input
                0x1000fe64      0x1ac CMakeFiles/pico_mqtt.dir/C_/pico/pico-sdk/lib/lwip/src/core/ipv4/etharp.c.obj
                0x1000fe64                etharp_input
 .text.etharp_query
                0x10010010      0x18c CMakeFiles/pico_mqtt.dir/C_/pico/pico-sdk/lib/lwip/src/core/ipv4/etharp.c.obj
                0x10010010                etharp_query
 .text.etharp_output
                0x1001019c      0x248 CMakeFiles/pico_mqtt.dir/C_/pico/pico-sdk/lib/lwip/src/core/ipv4/etharp.c.obj
                0x1001019c                etharp_output
 .text.etharp_acd_probe
                0x100103e4       0x30 CMakeFiles/pico_mqtt.dir/C_/pico/pico-sdk/lib/lwip/src/core/ipv4/etharp.c.obj
                0x100103e4                etharp_acd_probe
 .text.etharp_acd_announce
                0x10010414       0x28 CMakeFiles/pico_mqtt.dir/C_/pico/pico-sdk/lib/lwip/src/core/ipv4/etharp.c.obj
                0x10010414                etharp_acd_announce
 .text.icmp_input
                0x1001043c      0x1dc CMakeFiles/pico_mqtt.dir/C_/pico/pico-sdk/lib/lwip/src/core/ipv4/icmp.c.obj
                0x1001043c                icmp_input
 .text.icmp_dest_unreach
                0x10010618       0xc4 CMakeFiles/pico_mqtt.dir/C_/pico/pico-sdk/lib/lwip/src/core/ipv4/icmp.c.obj
                0x10010618                icmp_dest_unreach
 .text.icmp_time_exceeded
                0x100106dc       0xc4 CMakeFiles/pico_mqtt.dir/C_/pico/pico-sdk/lib/lwip/src/core/ipv4/icmp.c.obj
                0x100106dc                icmp_time_exceeded
 .text.ipfrag_free_pbuf_custom
                0x100107a0       0x24 CMakeFiles/pico_mqtt.dir/C_/pico/pico-sdk/lib/lwip/src/core/ipv4/ip4_frag.c.obj
 .text.ip_reass_free_complete_datagram
                0x100107c4      0x118 CMakeFiles/pico_mqtt.dir/C_/pico/pico-sdk/lib/lwip/src/core/ipv4/ip4_frag.c.obj
 .text.ip_reass_remove_oldest_datagram
                0x100108dc      0x118 CMakeFiles/pico_mqtt.dir/C_/pico/pico-sdk/lib/lwip/src/core/ipv4/ip4_frag.c.obj
 .text.ip_reass_tmr
                0x100109f4       0x30 CMakeFiles/pico_mqtt.dir/C_/pico/pico-sdk/lib/lwip/src/core/ipv4/ip4_frag.c.obj
                0x100109f4                ip_reass_tmr
 .text.ip4_reass
                0x10010a24      0x520 CMakeFiles/pico_mqtt.dir/C_/pico/pico-sdk/lib/lwip/src/core/ipv4/ip4_frag.c.obj
                0x10010a24                ip4_reass
 .text.ip4_frag
                0x10010f44      0x1f4 CMakeFiles/pico_mqtt.dir/C_/pico/pico-sdk/lib/lwip/src/core/ipv4/ip4_frag.c.obj
                0x10010f44                ip4_frag
 .text.ip4_route
                0x10011138       0x80 CMakeFiles/pico_mqtt.dir/C_/pico/pico-sdk/lib/lwip/src/core/ipv4/ip4.c.obj
                0x10011138                ip4_route
 .text.ip4_input
                0x100111b8      0x2dc CMakeFiles/pico_mqtt.dir/C_/pico/pico-sdk/lib/lwip/src/core/ipv4/ip4.c.obj
                0x100111b8                ip4_input
 .text.ip4_output_if
                0x10011494      0x1a4 CMakeFiles/pico_mqtt.dir/C_/pico/pico-sdk/lib/lwip/src/core/ipv4/ip4.c.obj
                0x10011494                ip4_output_if
 .text.ip4_output_if_src
                0x10011638      0x188 CMakeFiles/pico_mqtt.dir/C_/pico/pico-sdk/lib/lwip/src/core/ipv4/ip4.c.obj
                0x10011638                ip4_output_if_src
 .text.ip4_addr_isbroadcast_u32
                0x100117c0       0x3c CMakeFiles/pico_mqtt.dir/C_/pico/pico-sdk/lib/lwip/src/core/ipv4/ip4_addr.c.obj
                0x100117c0                ip4_addr_isbroadcast_u32
 .text.ip4addr_aton
                0x100117fc      0x1a0 CMakeFiles/pico_mqtt.dir/C_/pico/pico-sdk/lib/lwip/src/core/ipv4/ip4_addr.c.obj
                0x100117fc                ip4addr_aton
 .text.ip4addr_ntoa
                0x1001199c       0xec CMakeFiles/pico_mqtt.dir/C_/pico/pico-sdk/lib/lwip/src/core/ipv4/ip4_addr.c.obj
                0x1001199c                ip4addr_ntoa
 .text.acd_add  0x10011a88       0x30 CMakeFiles/pico_mqtt.dir/C_/pico/pico-sdk/lib/lwip/src/core/ipv4/acd.c.obj
                0x10011a88                acd_add
 .text.acd_remove
                0x10011ab8       0x38 CMakeFiles/pico_mqtt.dir/C_/pico/pico-sdk/lib/lwip/src/core/ipv4/acd.c.obj
                0x10011ab8                acd_remove
 .text.acd_start
                0x10011af0       0x20 CMakeFiles/pico_mqtt.dir/C_/pico/pico-sdk/lib/lwip/src/core/ipv4/acd.c.obj
                0x10011af0                acd_start
 .text.acd_network_changed_link_down
                0x10011b10       0x14 CMakeFiles/pico_mqtt.dir/C_/pico/pico-sdk/lib/lwip/src/core/ipv4/acd.c.obj
                0x10011b10                acd_network_changed_link_down
 .text.acd_tmr  0x10011b24       0xe8 CMakeFiles/pico_mqtt.dir/C_/pico/pico-sdk/lib/lwip/src/core/ipv4/acd.c.obj
                0x10011b24                acd_tmr
 .text.acd_arp_reply
                0x10011c0c      0x198 CMakeFiles/pico_mqtt.dir/C_/pico/pico-sdk/lib/lwip/src/core/ipv4/acd.c.obj
                0x10011c0c                acd_arp_reply
 .text.acd_netif_ip_addr_changed
                0x10011da4       0x74 CMakeFiles/pico_mqtt.dir/C_/pico/pico-sdk/lib/lwip/src/core/ipv4/acd.c.obj
                0x10011da4                acd_netif_ip_addr_changed
 .text.ethernet_input
                0x10011e18       0xd0 CMakeFiles/pico_mqtt.dir/C_/pico/pico-sdk/lib/lwip/src/netif/ethernet.c.obj
                0x10011e18                ethernet_input
 .text.ethernet_output
                0x10011ee8       0x78 CMakeFiles/pico_mqtt.dir/C_/pico/pico-sdk/lib/lwip/src/netif/ethernet.c.obj
                0x10011ee8                ethernet_output
 .text.cyw43_arch_wifi_connect_bssid_until.part.0
                0x10011f60      0x144 CMakeFiles/pico_mqtt.dir/C_/pico/pico-sdk/src/rp2_common/pico_cyw43_arch/cyw43_arch.c.obj
 .text.cyw43_arch_set_async_context
                0x100120a4        0xc CMakeFiles/pico_mqtt.dir/C_/pico/pico-sdk/src/rp2_common/pico_cyw43_arch/cyw43_arch.c.obj
                0x100120a4                cyw43_arch_set_async_context
 .text.cyw43_arch_enable_sta_mode
                0x100120b0       0x1c CMakeFiles/pico_mqtt.dir/C_/pico/pico-sdk/src/rp2_common/pico_cyw43_arch/cyw43_arch.c.obj
                0x100120b0                cyw43_arch_enable_sta_mode
 .text.cyw43_arch_wifi_connect_timeout_ms
                0x100120cc       0x94 CMakeFiles/pico_mqtt.dir/C_/pico/pico-sdk/src/rp2_common/pico_cyw43_arch/cyw43_arch.c.obj
                0x100120cc                cyw43_arch_wifi_connect_timeout_ms
 .text.cyw43_arch_gpio_put
                0x10012160       0x14 CMakeFiles/pico_mqtt.dir/C_/pico/pico-sdk/src/rp2_common/pico_cyw43_arch/cyw43_arch.c.obj
                0x10012160                cyw43_arch_gpio_put
 .text.cyw43_arch_async_context
                0x10012174        0xc CMakeFiles/pico_mqtt.dir/C_/pico/pico-sdk/src/rp2_common/pico_cyw43_arch/cyw43_arch.c.obj
                0x10012174                cyw43_arch_async_context
 .text.cyw43_arch_poll
                0x10012180       0x18 CMakeFiles/pico_mqtt.dir/C_/pico/pico-sdk/src/rp2_common/pico_cyw43_arch/cyw43_arch.c.obj
                0x10012180                cyw43_arch_poll
 .text.cyw43_arch_init
                0x10012198       0x68 CMakeFiles/pico_mqtt.dir/C_/pico/pico-sdk/src/rp2_common/pico_cyw43_arch/cyw43_arch_poll.c.obj
                0x10012198                cyw43_arch_init
 .text.cyw43_arch_deinit
                0x10012200       0x30 CMakeFiles/pico_mqtt.dir/C_/pico/pico-sdk/src/rp2_common/pico_cyw43_arch/cyw43_arch_poll.c.obj
                0x10012200                cyw43_arch_deinit
 .text.ns_delay.constprop.0
                0x10012230       0x20 CMakeFiles/pico_mqtt.dir/C_/pico/pico-sdk/src/rp2_common/pico_cyw43_driver/cyw43_bus_pio_spi.c.obj
 .text.cyw43_spi_deinit
                0x10012250       0x6c CMakeFiles/pico_mqtt.dir/C_/pico/pico-sdk/src/rp2_common/pico_cyw43_driver/cyw43_bus_pio_spi.c.obj
                0x10012250                cyw43_spi_deinit
 .text.cyw43_spi_init
                0x100122bc      0x128 CMakeFiles/pico_mqtt.dir/C_/pico/pico-sdk/src/rp2_common/pico_cyw43_driver/cyw43_bus_pio_spi.c.obj
                0x100122bc                cyw43_spi_init
 .text.cyw43_spi_transfer
                0x100123e4      0x41c CMakeFiles/pico_mqtt.dir/C_/pico/pico-sdk/src/rp2_common/pico_cyw43_driver/cyw43_bus_pio_spi.c.obj
                0x100123e4                cyw43_spi_transfer
 .text.cyw43_spi_gpio_setup
                0x10012800       0x3c CMakeFiles/pico_mqtt.dir/C_/pico/pico-sdk/src/rp2_common/pico_cyw43_driver/cyw43_bus_pio_spi.c.obj
                0x10012800                cyw43_spi_gpio_setup
 .text.cyw43_spi_reset
                0x1001283c       0x28 CMakeFiles/pico_mqtt.dir/C_/pico/pico-sdk/src/rp2_common/pico_cyw43_driver/cyw43_bus_pio_spi.c.obj
                0x1001283c                cyw43_spi_reset
 .text.read_reg_u32_swap
                0x10012864       0x44 CMakeFiles/pico_mqtt.dir/C_/pico/pico-sdk/src/rp2_common/pico_cyw43_driver/cyw43_bus_pio_spi.c.obj
                0x10012864                read_reg_u32_swap
 .text.cyw43_read_reg_u32
                0x100128a8       0x54 CMakeFiles/pico_mqtt.dir/C_/pico/pico-sdk/src/rp2_common/pico_cyw43_driver/cyw43_bus_pio_spi.c.obj
                0x100128a8                cyw43_read_reg_u32
 .text.cyw43_read_reg_u16
                0x100128fc       0x54 CMakeFiles/pico_mqtt.dir/C_/pico/pico-sdk/src/rp2_common/pico_cyw43_driver/cyw43_bus_pio_spi.c.obj
                0x100128fc                cyw43_read_reg_u16
 .text.cyw43_read_reg_u8
                0x10012950       0x54 CMakeFiles/pico_mqtt.dir/C_/pico/pico-sdk/src/rp2_common/pico_cyw43_driver/cyw43_bus_pio_spi.c.obj
                0x10012950                cyw43_read_reg_u8
 .text.write_reg_u32_swap
                0x100129a4      0x1f8 CMakeFiles/pico_mqtt.dir/C_/pico/pico-sdk/src/rp2_common/pico_cyw43_driver/cyw43_bus_pio_spi.c.obj
                0x100129a4                write_reg_u32_swap
 .text.cyw43_write_reg_u32
                0x10012b9c      0x1f4 CMakeFiles/pico_mqtt.dir/C_/pico/pico-sdk/src/rp2_common/pico_cyw43_driver/cyw43_bus_pio_spi.c.obj
                0x10012b9c                cyw43_write_reg_u32
 .text.cyw43_write_reg_u16
                0x10012d90      0x1f4 CMakeFiles/pico_mqtt.dir/C_/pico/pico-sdk/src/rp2_common/pico_cyw43_driver/cyw43_bus_pio_spi.c.obj
                0x10012d90                cyw43_write_reg_u16
 .text.cyw43_write_reg_u8
                0x10012f84      0x1f4 CMakeFiles/pico_mqtt.dir/C_/pico/pico-sdk/src/rp2_common/pico_cyw43_driver/cyw43_bus_pio_spi.c.obj
                0x10012f84                cyw43_write_reg_u8
 .text.cyw43_read_bytes
                0x10013178       0x80 CMakeFiles/pico_mqtt.dir/C_/pico/pico-sdk/src/rp2_common/pico_cyw43_driver/cyw43_bus_pio_spi.c.obj
                0x10013178                cyw43_read_bytes
 .text.cyw43_write_bytes
                0x100131f8       0xb4 CMakeFiles/pico_mqtt.dir/C_/pico/pico-sdk/src/rp2_common/pico_cyw43_driver/cyw43_bus_pio_spi.c.obj
                0x100131f8                cyw43_write_bytes
 .text.cyw43_set_backplane_window
                0x100132ac       0x68 CMakeFiles/pico_mqtt.dir/C_/pico/pico-sdk/lib/cyw43-driver/src/cyw43_ll.c.obj
 .text.cyw43_ll_parse_async_event
                0x10013314      0x12c CMakeFiles/pico_mqtt.dir/C_/pico/pico-sdk/lib/cyw43-driver/src/cyw43_ll.c.obj
 .text.cyw43_kso_set
                0x10013440       0x80 CMakeFiles/pico_mqtt.dir/C_/pico/pico-sdk/lib/cyw43-driver/src/cyw43_ll.c.obj
 .text.cyw43_ll_sdpcm_poll_device
                0x100134c0      0x230 CMakeFiles/pico_mqtt.dir/C_/pico/pico-sdk/lib/cyw43-driver/src/cyw43_ll.c.obj
 .text.cyw43_sdpcm_send_common
                0x100136f0       0xf4 CMakeFiles/pico_mqtt.dir/C_/pico/pico-sdk/lib/cyw43-driver/src/cyw43_ll.c.obj
 .text.cyw43_do_ioctl.part.0
                0x100137e4       0xc4 CMakeFiles/pico_mqtt.dir/C_/pico/pico-sdk/lib/cyw43-driver/src/cyw43_ll.c.obj
 .text.cyw43_write_iovar_u32.constprop.0
                0x100138a8       0x9c CMakeFiles/pico_mqtt.dir/C_/pico/pico-sdk/lib/cyw43-driver/src/cyw43_ll.c.obj
 .text.cyw43_write_iovar_n
                0x10013944       0x8c CMakeFiles/pico_mqtt.dir/C_/pico/pico-sdk/lib/cyw43-driver/src/cyw43_ll.c.obj